staged magda.dck -> C:\Users\Vatto\AppData\Roaming\Forge\simlab-runs\15800-wsom_w7d\decks\commander
staged rog_ishai.dck -> C:\Users\Vatto\AppData\Roaming\Forge\simlab-runs\15800-wsom_w7d\decks\commander
staged tymna_thrasios.dck -> C:\Users\Vatto\AppData\Roaming\Forge\simlab-runs\15800-wsom_w7d\decks\commander
staged selvala_archetype.dck -> C:\Users\Vatto\AppData\Roaming\Forge\simlab-runs\15800-wsom_w7d\decks\commander
plans   : C:\Users\Vatto\Magic Rules Engine\studies\tutor_targeting\runs\plans_20260825_081005_pid15800.json (magda, rog_ishai, tymna_thrasios, selvala_archetype)

--- rotation 1/4: seats = ['magda.dck', 'rog_ishai.dck', 'tymna_thrasios.dck', 'selvala_archetype.dck'] ---
$ java -Xmx4g -cp C:\Users\Vatto\simlab-forge-shim\simlab-forge-shim.jar;C:\Users\Vatto\forge\forge-gui-desktop-2.0.13-jar-with-dependencies.jar simlab.shim.SimShim --decks C:\Users\Vatto\AppData\Roaming\Forge\simlab-runs\15800-wsom_w7d\decks\commander\magda.dck C:\Users\Vatto\AppData\Roaming\Forge\simlab-runs\15800-wsom_w7d\decks\commander\rog_ishai.dck C:\Users\Vatto\AppData\Roaming\Forge\simlab-runs\15800-wsom_w7d\decks\commander\tymna_thrasios.dck C:\Users\Vatto\AppData\Roaming\Forge\simlab-runs\15800-wsom_w7d\decks\commander\selvala_archetype.dck --games 2 --timeout 900 --out C:\Users\Vatto\Magic Rules Engine\studies\tutor_targeting\runs\shim_raw_20260825_081005_205764.jsonl --plans C:\Users\Vatto\Magic Rules Engine\studies\tutor_targeting\runs\plans_20260825_081005_pid15800.json
  shim: plans loaded for [tymna_thrasios, selvala_archetype, rog_ishai, magda]
  shim: FModel initialized
  shim: Ai(1)-magda -> plan agent, profile SimLabHuman
  shim: Ai(2)-rog_ishai -> plan agent, profile SimLabHuman
  shim: Ai(3)-tymna_thrasios -> plan agent, profile SimLabHuman
  shim: Ai(4)-selvala_archetype -> plan agent, profile SimLabHuman
  shim: game 1 done in 594225 ms — Ai(4)-selvala_archetype wins
  shim: game 2 done in 101730 ms — Ai(2)-rog_ishai wins

--- rotation 2/4: seats = ['rog_ishai.dck', 'tymna_thrasios.dck', 'selvala_archetype.dck', 'magda.dck'] ---
$ java -Xmx4g -cp C:\Users\Vatto\simlab-forge-shim\simlab-forge-shim.jar;C:\Users\Vatto\forge\forge-gui-desktop-2.0.13-jar-with-dependencies.jar simlab.shim.SimShim --decks C:\Users\Vatto\AppData\Roaming\Forge\simlab-runs\15800-wsom_w7d\decks\commander\rog_ishai.dck C:\Users\Vatto\AppData\Roaming\Forge\simlab-runs\15800-wsom_w7d\decks\commander\tymna_thrasios.dck C:\Users\Vatto\AppData\Roaming\Forge\simlab-runs\15800-wsom_w7d\decks\commander\selvala_archetype.dck C:\Users\Vatto\AppData\Roaming\Forge\simlab-runs\15800-wsom_w7d\decks\commander\magda.dck --games 2 --timeout 900 --out C:\Users\Vatto\Magic Rules Engine\studies\tutor_targeting\runs\shim_raw_20260825_082154_481429.jsonl --plans C:\Users\Vatto\Magic Rules Engine\studies\tutor_targeting\runs\plans_20260825_081005_pid15800.json
  shim: plans loaded for [tymna_thrasios, selvala_archetype, rog_ishai, magda]
  shim: FModel initialized
  shim: Ai(1)-rog_ishai -> plan agent, profile SimLabHuman
  shim: Ai(2)-tymna_thrasios -> plan agent, profile SimLabHuman
  shim: Ai(3)-selvala_archetype -> plan agent, profile SimLabHuman
  shim: Ai(4)-magda -> plan agent, profile SimLabHuman
  shim: game 1 done in 115386 ms — Ai(3)-selvala_archetype wins
  shim: game 2 done in 191163 ms — Ai(4)-magda wins

--- rotation 3/4: seats = ['tymna_thrasios.dck', 'selvala_archetype.dck', 'magda.dck', 'rog_ishai.dck'] ---
$ java -Xmx4g -cp C:\Users\Vatto\simlab-forge-shim\simlab-forge-shim.jar;C:\Users\Vatto\forge\forge-gui-desktop-2.0.13-jar-with-dependencies.jar simlab.shim.SimShim --decks C:\Users\Vatto\AppData\Roaming\Forge\simlab-runs\15800-wsom_w7d\decks\commander\tymna_thrasios.dck C:\Users\Vatto\AppData\Roaming\Forge\simlab-runs\15800-wsom_w7d\decks\commander\selvala_archetype.dck C:\Users\Vatto\AppData\Roaming\Forge\simlab-runs\15800-wsom_w7d\decks\commander\magda.dck C:\Users\Vatto\AppData\Roaming\Forge\simlab-runs\15800-wsom_w7d\decks\commander\rog_ishai.dck --games 2 --timeout 900 --out C:\Users\Vatto\Magic Rules Engine\studies\tutor_targeting\runs\shim_raw_20260825_082709_694083.jsonl --plans C:\Users\Vatto\Magic Rules Engine\studies\tutor_targeting\runs\plans_20260825_081005_pid15800.json
  shim: plans loaded for [tymna_thrasios, selvala_archetype, rog_ishai, magda]
  shim: FModel initialized
  shim: Ai(1)-tymna_thrasios -> plan agent, profile SimLabHuman
  shim: Ai(2)-selvala_archetype -> plan agent, profile SimLabHuman
  shim: Ai(3)-magda -> plan agent, profile SimLabHuman
  shim: Ai(4)-rog_ishai -> plan agent, profile SimLabHuman
  shim: game 1 done in 272803 ms — Ai(3)-magda wins
  shim: game 2 done in 240218 ms — Ai(3)-magda wins

--- rotation 4/4: seats = ['selvala_archetype.dck', 'magda.dck', 'rog_ishai.dck', 'tymna_thrasios.dck'] ---
$ java -Xmx4g -cp C:\Users\Vatto\simlab-forge-shim\simlab-forge-shim.jar;C:\Users\Vatto\forge\forge-gui-desktop-2.0.13-jar-with-dependencies.jar simlab.shim.SimShim --decks C:\Users\Vatto\AppData\Roaming\Forge\simlab-runs\15800-wsom_w7d\decks\commander\selvala_archetype.dck C:\Users\Vatto\AppData\Roaming\Forge\simlab-runs\15800-wsom_w7d\decks\commander\magda.dck C:\Users\Vatto\AppData\Roaming\Forge\simlab-runs\15800-wsom_w7d\decks\commander\rog_ishai.dck C:\Users\Vatto\AppData\Roaming\Forge\simlab-runs\15800-wsom_w7d\decks\commander\tymna_thrasios.dck --games 2 --timeout 900 --out C:\Users\Vatto\Magic Rules Engine\studies\tutor_targeting\runs\shim_raw_20260825_083551_090443.jsonl --plans C:\Users\Vatto\Magic Rules Engine\studies\tutor_targeting\runs\plans_20260825_081005_pid15800.json
  shim: plans loaded for [tymna_thrasios, selvala_archetype, rog_ishai, magda]
  shim: FModel initialized
  shim: Ai(1)-selvala_archetype -> plan agent, profile SimLabHuman
  shim: Ai(2)-magda -> plan agent, profile SimLabHuman
  shim: Ai(3)-rog_ishai -> plan agent, profile SimLabHuman
  shim: Ai(4)-tymna_thrasios -> plan agent, profile SimLabHuman
  shim: game 1 done in 900354 ms — draw
  shim: game 2 done in 900559 ms — draw

8 game(s) parsed | draws: 2
  magda: 3 wins (38%)
  selvala_archetype: 2 wins (25%)
  rog_ishai: 1 wins (12%)
  tymna_thrasios: 0 wins (0%)
json    : C:\Users\Vatto\Magic Rules Engine\studies\tutor_targeting\runs\sim_20260825_081005_rotated.json
