staged magda.dck -> C:\Users\Vatto\AppData\Roaming\Forge\simlab-runs\22904-s08dv1uw\decks\commander
staged rog_ishai.dck -> C:\Users\Vatto\AppData\Roaming\Forge\simlab-runs\22904-s08dv1uw\decks\commander
staged tymna_thrasios.dck -> C:\Users\Vatto\AppData\Roaming\Forge\simlab-runs\22904-s08dv1uw\decks\commander
staged selvala_archetype.dck -> C:\Users\Vatto\AppData\Roaming\Forge\simlab-runs\22904-s08dv1uw\decks\commander
plans   : C:\Users\Vatto\Magic Rules Engine\studies\tutor_targeting\runs_stage1\plans_20260825_105436_pid22904.json (magda, rog_ishai, tymna_thrasios, selvala_archetype)

--- rotation 1/4: seats = ['magda.dck', 'rog_ishai.dck', 'tymna_thrasios.dck', 'selvala_archetype.dck'] ---
$ java -Xmx4g -cp C:\Users\Vatto\simlab-forge-shim\simlab-forge-shim.jar;C:\Users\Vatto\forge\forge-gui-desktop-2.0.13-jar-with-dependencies.jar simlab.shim.SimShim --decks C:\Users\Vatto\AppData\Roaming\Forge\simlab-runs\22904-s08dv1uw\decks\commander\magda.dck C:\Users\Vatto\AppData\Roaming\Forge\simlab-runs\22904-s08dv1uw\decks\commander\rog_ishai.dck C:\Users\Vatto\AppData\Roaming\Forge\simlab-runs\22904-s08dv1uw\decks\commander\tymna_thrasios.dck C:\Users\Vatto\AppData\Roaming\Forge\simlab-runs\22904-s08dv1uw\decks\commander\selvala_archetype.dck --games 2 --timeout 900 --out C:\Users\Vatto\Magic Rules Engine\studies\tutor_targeting\runs_stage1\shim_raw_20260825_105436_519749.jsonl --plans C:\Users\Vatto\Magic Rules Engine\studies\tutor_targeting\runs_stage1\plans_20260825_105436_pid22904.json
  shim: plans loaded for [tymna_thrasios, selvala_archetype, rog_ishai, magda]
  shim: FModel initialized
  shim: Ai(1)-magda -> plan agent, profile SimLabHuman
  shim: Ai(2)-rog_ishai -> plan agent, profile SimLabHuman
  shim: Ai(3)-tymna_thrasios -> plan agent, profile SimLabHuman
  shim: Ai(4)-selvala_archetype -> plan agent, profile SimLabHuman
  shim: game 1 done in 135897 ms — Ai(3)-tymna_thrasios wins
  shim: game 2 done in 24655 ms — Ai(2)-rog_ishai wins

--- rotation 2/4: seats = ['rog_ishai.dck', 'tymna_thrasios.dck', 'selvala_archetype.dck', 'magda.dck'] ---
$ java -Xmx4g -cp C:\Users\Vatto\simlab-forge-shim\simlab-forge-shim.jar;C:\Users\Vatto\forge\forge-gui-desktop-2.0.13-jar-with-dependencies.jar simlab.shim.SimShim --decks C:\Users\Vatto\AppData\Roaming\Forge\simlab-runs\22904-s08dv1uw\decks\commander\rog_ishai.dck C:\Users\Vatto\AppData\Roaming\Forge\simlab-runs\22904-s08dv1uw\decks\commander\tymna_thrasios.dck C:\Users\Vatto\AppData\Roaming\Forge\simlab-runs\22904-s08dv1uw\decks\commander\selvala_archetype.dck C:\Users\Vatto\AppData\Roaming\Forge\simlab-runs\22904-s08dv1uw\decks\commander\magda.dck --games 2 --timeout 900 --out C:\Users\Vatto\Magic Rules Engine\studies\tutor_targeting\runs_stage1\shim_raw_20260825_105725_744800.jsonl --plans C:\Users\Vatto\Magic Rules Engine\studies\tutor_targeting\runs_stage1\plans_20260825_105436_pid22904.json
  shim: plans loaded for [tymna_thrasios, selvala_archetype, rog_ishai, magda]
  shim: FModel initialized
  shim: Ai(1)-rog_ishai -> plan agent, profile SimLabHuman
  shim: Ai(2)-tymna_thrasios -> plan agent, profile SimLabHuman
  shim: Ai(3)-selvala_archetype -> plan agent, profile SimLabHuman
  shim: Ai(4)-magda -> plan agent, profile SimLabHuman
  shim: game 1 done in 47137 ms — Ai(3)-selvala_archetype wins
  shim: game 2 done in 123541 ms — Ai(4)-magda wins

--- rotation 3/4: seats = ['tymna_thrasios.dck', 'selvala_archetype.dck', 'magda.dck', 'rog_ishai.dck'] ---
$ java -Xmx4g -cp C:\Users\Vatto\simlab-forge-shim\simlab-forge-shim.jar;C:\Users\Vatto\forge\forge-gui-desktop-2.0.13-jar-with-dependencies.jar simlab.shim.SimShim --decks C:\Users\Vatto\AppData\Roaming\Forge\simlab-runs\22904-s08dv1uw\decks\commander\tymna_thrasios.dck C:\Users\Vatto\AppData\Roaming\Forge\simlab-runs\22904-s08dv1uw\decks\commander\selvala_archetype.dck C:\Users\Vatto\AppData\Roaming\Forge\simlab-runs\22904-s08dv1uw\decks\commander\magda.dck C:\Users\Vatto\AppData\Roaming\Forge\simlab-runs\22904-s08dv1uw\decks\commander\rog_ishai.dck --games 2 --timeout 900 --out C:\Users\Vatto\Magic Rules Engine\studies\tutor_targeting\runs_stage1\shim_raw_20260825_110024_992208.jsonl --plans C:\Users\Vatto\Magic Rules Engine\studies\tutor_targeting\runs_stage1\plans_20260825_105436_pid22904.json
  shim: plans loaded for [tymna_thrasios, selvala_archetype, rog_ishai, magda]
  shim: FModel initialized
  shim: Ai(1)-tymna_thrasios -> plan agent, profile SimLabHuman
  shim: Ai(2)-selvala_archetype -> plan agent, profile SimLabHuman
  shim: Ai(3)-magda -> plan agent, profile SimLabHuman
  shim: Ai(4)-rog_ishai -> plan agent, profile SimLabHuman
  shim: game 1 done in 20072 ms — Ai(3)-magda wins
  shim: game 2 done in 34797 ms — Ai(4)-rog_ishai wins

--- rotation 4/4: seats = ['selvala_archetype.dck', 'magda.dck', 'rog_ishai.dck', 'tymna_thrasios.dck'] ---
$ java -Xmx4g -cp C:\Users\Vatto\simlab-forge-shim\simlab-forge-shim.jar;C:\Users\Vatto\forge\forge-gui-desktop-2.0.13-jar-with-dependencies.jar simlab.shim.SimShim --decks C:\Users\Vatto\AppData\Roaming\Forge\simlab-runs\22904-s08dv1uw\decks\commander\selvala_archetype.dck C:\Users\Vatto\AppData\Roaming\Forge\simlab-runs\22904-s08dv1uw\decks\commander\magda.dck C:\Users\Vatto\AppData\Roaming\Forge\simlab-runs\22904-s08dv1uw\decks\commander\rog_ishai.dck C:\Users\Vatto\AppData\Roaming\Forge\simlab-runs\22904-s08dv1uw\decks\commander\tymna_thrasios.dck --games 2 --timeout 900 --out C:\Users\Vatto\Magic Rules Engine\studies\tutor_targeting\runs_stage1\shim_raw_20260825_110128_362068.jsonl --plans C:\Users\Vatto\Magic Rules Engine\studies\tutor_targeting\runs_stage1\plans_20260825_105436_pid22904.json
  shim: plans loaded for [tymna_thrasios, selvala_archetype, rog_ishai, magda]
  shim: FModel initialized
  shim: Ai(1)-selvala_archetype -> plan agent, profile SimLabHuman
  shim: Ai(2)-magda -> plan agent, profile SimLabHuman
  shim: Ai(3)-rog_ishai -> plan agent, profile SimLabHuman
  shim: Ai(4)-tymna_thrasios -> plan agent, profile SimLabHuman
  shim: game 1 done in 215006 ms — Ai(1)-selvala_archetype wins
  shim: game 2 done in 196505 ms — Ai(2)-magda wins

8 game(s) parsed | draws: 0
  magda: 3 wins (38%)
  rog_ishai: 2 wins (25%)
  selvala_archetype: 2 wins (25%)
  tymna_thrasios: 1 wins (12%)
json    : C:\Users\Vatto\Magic Rules Engine\studies\tutor_targeting\runs_stage1\sim_20260825_105436_rotated.json
