4 arms x 8 pods x 4 rotations = 128 games, 10 at a time
[1/128] base/0r3 FAILED
[2/128] base/1r2 FAILED
[3/128] base/0r1 FAILED
[4/128] base/0r0 FAILED
[5/128] base/2r2 FAILED
[6/128] base/3r0 FAILED
[7/128] base/1r0 FAILED
[8/128] base/2r0 FAILED
[9/128] base/3r3 FAILED
[10/128] base/0r2 FAILED
[11/128] base/1r1 FAILED
[12/128] base/1r3 FAILED
[13/128] base/2r1 FAILED
[14/128] base/3r2 FAILED
[15/128] base/5r0 FAILED
[16/128] base/2r3 FAILED
[17/128] base/3r1 FAILED
[18/128] base/5r2 FAILED
[19/128] base/5r3 FAILED
[20/128] base/5r1 FAILED
[21/128] base/6r0 FAILED
[22/128] base/4r0 FAILED
[23/128] base/4r3 FAILED
[24/128] base/4r2 FAILED
[25/128] base/6r1 FAILED
[26/128] base/7r1 FAILED
[27/128] base/7r3 FAILED
[28/128] base/4r1 FAILED
[29/128] base/6r3 FAILED
[30/128] hold/0r2 FAILED
[31/128] base/6r2 FAILED
[32/128] base/7r2 FAILED
[33/128] base/7r0 FAILED
[34/128] hold/0r0 FAILED
[35/128] hold/1r2 FAILED
[36/128] hold/2r0 FAILED
[37/128] hold/2r1 FAILED
[38/128] hold/1r3 FAILED
[39/128] hold/3r0 FAILED
[40/128] hold/0r1 FAILED
[41/128] hold/2r2 FAILED
[42/128] hold/0r3 FAILED
[43/128] hold/4r0 FAILED
[44/128] hold/1r0 FAILED
[45/128] hold/1r1 FAILED
[46/128] hold/5r1 FAILED
[47/128] hold/3r2 FAILED
[48/128] hold/4r3 FAILED
[49/128] hold/3r1 FAILED
[50/128] hold/5r3 FAILED
[51/128] hold/6r2 FAILED
[52/128] hold/6r3 FAILED
[53/128] hold/2r3 FAILED
[54/128] hold/5r0 FAILED
[55/128] hold/3r3 FAILED
[56/128] hold/4r1 FAILED
[57/128] hold/4r2 FAILED
[58/128] blocky/0r2 FAILED
[59/128] blocky/0r0 FAILED
[60/128] hold/5r2 FAILED
[61/128] hold/7r3 FAILED
[62/128] hold/6r0 FAILED
[63/128] blocky/0r1 FAILED
[64/128] blocky/0r3 FAILED
[65/128] hold/6r1 FAILED
[66/128] hold/7r1 FAILED
[67/128] hold/7r0 FAILED
[68/128] blocky/1r3 FAILED
[69/128] blocky/1r1 FAILED
[70/128] hold/7r2 FAILED
[71/128] blocky/1r2 FAILED
[72/128] blocky/2r1 FAILED
[73/128] blocky/3r0 FAILED
[74/128] blocky/3r2 FAILED
[75/128] blocky/1r0 FAILED
[76/128] blocky/4r1 FAILED
[77/128] blocky/3r1 FAILED
[78/128] blocky/2r3 FAILED
[79/128] blocky/2r2 FAILED
[80/128] blocky/6r0 FAILED
[81/128] blocky/5r1 FAILED
[82/128] blocky/2r0 FAILED
[83/128] blocky/5r2 FAILED
[84/128] blocky/7r0 FAILED
[85/128] blocky/4r2 FAILED
[86/128] blocky/6r3 FAILED
[87/128] blocky/3r3 FAILED
[88/128] blocky/7r2 FAILED
[89/128] blocky/4r0 FAILED
[90/128] blocky/5r3 FAILED
[91/128] blocky/4r3 FAILED
[92/128] blocky/7r3 FAILED
[93/128] blocky/6r1 FAILED
[94/128] blocky/5r0 FAILED
[95/128] blocky/7r1 FAILED
[96/128] synergy/0r2 FAILED
[97/128] synergy/1r3 FAILED
[98/128] synergy/0r3 FAILED
[99/128] synergy/2r1 FAILED
[100/128] blocky/6r2 FAILED
[101/128] synergy/2r2 FAILED
[102/128] synergy/0r1 FAILED
[103/128] synergy/2r3 FAILED
[104/128] synergy/1r1 FAILED
[105/128] synergy/0r0 FAILED
[106/128] synergy/3r0 FAILED
[107/128] synergy/4r0 FAILED
[108/128] synergy/5r0 FAILED
[109/128] synergy/3r3 FAILED
[110/128] synergy/1r0 FAILED
[111/128] synergy/1r2 FAILED
[112/128] synergy/4r3 FAILED
[113/128] synergy/2r0 FAILED
[114/128] synergy/5r2 FAILED
[115/128] synergy/5r1 FAILED
[116/128] synergy/4r1 FAILED
[117/128] synergy/4r2 FAILED
[118/128] synergy/6r0 FAILED
[119/128] synergy/3r1 FAILED
[120/128] synergy/6r2 FAILED
[121/128] synergy/7r3 FAILED
[122/128] synergy/7r1 FAILED
[123/128] synergy/6r3 FAILED
[124/128] synergy/7r2 FAILED
[125/128] synergy/6r1 FAILED
[126/128] synergy/3r2 FAILED
[127/128] synergy/5r3 FAILED
[128/128] synergy/7r0 FAILED
done. score with: python studies/behavior_rubric/observer.py C:\Users\Vatto\Magic Rules Engine\studies\behavior_rubric\runs_arms/<arm>
