16 pods x 4 rotations x 2 games = 128 games, 6 at a time, mode ab
[1/64] pod0 rot1 cached
[2/64] pod0 rot0 cached
[3/64] pod1 rot1 cached
[4/64] pod1 rot0 cached
[5/64] pod2 rot1 cached
[6/64] pod2 rot0 cached
[7/64] pod0 rot2 ok
[8/64] pod3 rot0 cached
[9/64] pod3 rot1 cached
[10/64] pod0 rot3 ok
[11/64] pod1 rot3 ok
[12/64] pod4 rot0 cached
[13/64] pod4 rot1 cached
[14/64] pod1 rot2 ok
[15/64] pod3 rot3 ok
[16/64] pod5 rot0 cached
[17/64] pod5 rot1 cached
[18/64] pod4 rot3 ok
[19/64] pod3 rot2 ok
[20/64] pod6 rot0 cached
[21/64] pod6 rot1 cached
[22/64] pod2 rot2 ok
[23/64] pod6 rot3 ok
[24/64] pod7 rot0 cached
[25/64] pod7 rot1 cached
[26/64] pod4 rot2 ok
[27/64] pod2 rot3 ok
[28/64] pod8 rot0 cached
[29/64] pod8 rot1 cached
[30/64] pod5 rot2 ok
[31/64] pod6 rot2 ok
[32/64] pod9 rot0 cached
[33/64] pod9 rot1 cached
[34/64] pod7 rot2 ok
[35/64] pod9 rot3 ok
[36/64] pod10 rot0 cached
[37/64] pod10 rot1 cached
[38/64] pod8 rot2 ok
[39/64] pod8 rot3 ok
[40/64] pod11 rot0 cached
[41/64] pod11 rot1 cached
[42/64] pod7 rot3 ok
[43/64] pod5 rot3 ok
[44/64] pod12 rot0 cached
[45/64] pod12 rot1 cached
[46/64] pod10 rot2 ok
[47/64] pod11 rot2 ok
[48/64] pod13 rot0 cached
[49/64] pod13 rot1 cached
[50/64] pod10 rot3 ok
[51/64] pod9 rot2 ok
[52/64] pod14 rot0 cached
[53/64] pod14 rot1 cached
[54/64] pod13 rot3 ok
[55/64] pod13 rot2 ok
[56/64] pod15 rot0 cached
[57/64] pod15 rot1 cached
[58/64] pod14 rot2 ok
[59/64] pod14 rot3 ok
[60/64] pod12 rot2 ok
[61/64] pod11 rot3 ok
[62/64] pod12 rot3 ok
[63/64] pod15 rot3 ok
[64/64] pod15 rot2 ok
games played 128, decided 103, censored 25
NEW wins 55, BASE wins 48: NEW share 53.4% +/- 4.9 pp (1 SE), null 50%, 95% CI [43.8%, 63.0%]
z vs 50%: +0.69
game seconds: median 491, p90 1201
  pod0: NEW 3/8  (bundled decks)
  pod1: NEW 4/8
  pod2: NEW 3/5
  pod3: NEW 3/5
  pod4: NEW 2/6
  pod5: NEW 3/3
  pod6: NEW 2/6
  pod7: NEW 5/8
  pod8: NEW 5/8
  pod9: NEW 4/6
  pod10: NEW 4/8
  pod11: NEW 3/4
  pod12: NEW 2/6
  pod13: NEW 3/8
  pod14: NEW 5/7
  pod15: NEW 4/7
  NEW events: see_attack=1802, see_block=621, see_damage=86, instant_hold=1134, instant_window=184, protect_hold=65, protect_window=10, block_skip=20, counter_fire=8, counter_veto=20
  BASE events: instant_hold=920, instant_window=164, added_block=147, block_skip=522, counter_fire=6, counter_veto=20
