16 pods x 4 rotations x 2 games = 128 games, 14 at a time, mode ab
[1/64] pod0 rot2 cached
[2/64] pod0 rot0 cached
[3/64] pod0 rot1 cached
[4/64] pod0 rot3 cached
[5/64] pod3 rot3 ok
[6/64] pod4 rot0 ok
[7/64] pod2 rot0 ok
[8/64] pod3 rot2 ok
[9/64] pod1 rot2 ok
[10/64] pod4 rot2 ok
[11/64] pod3 rot1 ok
[12/64] pod2 rot2 ok
[13/64] pod4 rot1 ok
[14/64] pod3 rot0 ok
[15/64] pod1 rot3 ok
[16/64] pod1 rot0 ok
[17/64] pod2 rot1 ok
[18/64] pod2 rot3 ok
[19/64] pod1 rot1 ok
[20/64] pod6 rot1 ok
[21/64] pod5 rot1 ok
[22/64] pod5 rot3 ok
[23/64] pod4 rot3 ok
[24/64] pod5 rot2 ok
[25/64] pod7 rot2 ok
[26/64] pod7 rot1 ok
[27/64] pod5 rot0 ok
[28/64] pod8 rot1 ok
[29/64] pod6 rot3 ok
[30/64] pod7 rot3 ok
[31/64] pod8 rot0 ok
[32/64] pod8 rot3 ok
[33/64] pod9 rot3 ok
[34/64] pod6 rot2 ok
[35/64] pod6 rot0 ok
[36/64] pod10 rot3 ok
[37/64] pod9 rot0 ok
[38/64] pod9 rot1 ok
[39/64] pod10 rot0 ok
[40/64] pod9 rot2 ok
[41/64] pod7 rot0 ok
[42/64] pod10 rot2 ok
[43/64] pod12 rot3 ok
[44/64] pod12 rot1 ok
[45/64] pod8 rot2 ok
[46/64] pod13 rot1 ok
[47/64] pod10 rot1 ok
[48/64] pod13 rot2 ok
[49/64] pod11 rot1 ok
[50/64] pod12 rot0 ok
[51/64] pod11 rot0 ok
[52/64] pod11 rot2 ok
[53/64] pod13 rot0 ok
[54/64] pod12 rot2 ok
[55/64] pod15 rot3 ok
[56/64] pod14 rot0 ok
[57/64] pod13 rot3 ok
[58/64] pod11 rot3 ok
[59/64] pod14 rot1 ok
[60/64] pod14 rot2 ok
[61/64] pod14 rot3 ok
[62/64] pod15 rot2 ok
[63/64] pod15 rot0 ok
[64/64] pod15 rot1 ok
games played 124, decided 73, censored 51
NEW wins 43, BASE wins 30: NEW share 58.9% +/- 5.8 pp (1 SE), null 50%, 95% CI [47.6%, 70.2%]
z vs 50%: +1.52
game seconds: median 781, p90 1204
  pod0: NEW 1/4  (bundled decks)
  pod1: NEW 0/1
  pod2: NEW 3/3
  pod3: NEW 3/5
  pod4: NEW 2/4
  pod5: NEW 3/4
  pod6: NEW 5/5
  pod7: NEW 2/6
  pod8: NEW 4/6
  pod9: NEW 1/6
  pod10: NEW 4/5
  pod11: NEW 3/3
  pod12: NEW 2/6
  pod13: NEW 5/7
  pod14: NEW 3/4
  pod15: NEW 2/4
  NEW events: see_attack=18663, see_block=467, see_damage=67, instant_hold=735, instant_window=103, protect_window=2, block_skip=6, counter_fire=8, counter_veto=32
  BASE events: instant_hold=857, instant_window=181, added_block=93, block_skip=378, counter_fire=11, counter_veto=16
