16 pods x 4 rotations x 2 games = 128 games, 14 at a time, mode ab
[1/64] pod0 rot1 ok
[2/64] pod0 rot0 ok
[3/64] pod0 rot2 ok
[4/64] pod0 rot3 ok
[5/64] pod1 rot3 ok
[6/64] pod3 rot3 ok
[7/64] pod2 rot1 ok
[8/64] pod1 rot1 ok
[9/64] pod2 rot0 ok
[10/64] pod1 rot0 ok
[11/64] pod4 rot1 ok
[12/64] pod1 rot2 ok
[13/64] pod4 rot3 ok
[14/64] pod4 rot2 ok
[15/64] pod4 rot0 ok
[16/64] pod3 rot0 ok
[17/64] pod5 rot3 ok
[18/64] pod3 rot1 ok
[19/64] pod7 rot0 ok
[20/64] pod2 rot3 ok
[21/64] pod2 rot2 ok
[22/64] pod3 rot2 ok
[23/64] pod5 rot0 ok
[24/64] pod7 rot1 ok
[25/64] pod8 rot2 ok
[26/64] pod7 rot2 ok
[27/64] pod5 rot2 ok
[28/64] pod6 rot2 ok
[29/64] pod6 rot1 ok
[30/64] pod5 rot1 ok
[31/64] pod6 rot3 ok
[32/64] pod8 rot1 ok
[33/64] pod6 rot0 ok
[34/64] pod9 rot1 ok
[35/64] pod10 rot2 ok
[36/64] pod8 rot0 ok
[37/64] pod10 rot3 ok
[38/64] pod10 rot0 ok
[39/64] pod9 rot2 ok
[40/64] pod12 rot2 ok
[41/64] pod8 rot3 ok
[42/64] pod13 rot0 ok
[43/64] pod12 rot0 ok
[44/64] pod7 rot3 ok
[45/64] pod9 rot3 ok
[46/64] pod12 rot3 ok
[47/64] pod13 rot2 ok
[48/64] pod13 rot1 ok
[49/64] pod13 rot3 ok
[50/64] pod11 rot1 ok
[51/64] pod10 rot1 ok
[52/64] pod14 rot2 ok
[53/64] pod9 rot0 ok
[54/64] pod14 rot0 ok
[55/64] pod11 rot2 ok
[56/64] pod12 rot1 ok
[57/64] pod11 rot0 ok
[58/64] pod14 rot3 ok
[59/64] pod11 rot3 ok
[60/64] pod14 rot1 ok
[61/64] pod15 rot0 ok
[62/64] pod15 rot2 ok
[63/64] pod15 rot1 ok
[64/64] pod15 rot3 ok
games played 128, decided 106, censored 22
NEW wins 56, BASE wins 50: NEW share 52.8% +/- 4.8 pp (1 SE), null 50%, 95% CI [43.3%, 62.3%]
z vs 50%: +0.58
game seconds: median 427, p90 1201
  pod0: NEW 1/8  (bundled decks)
  pod1: NEW 4/8
  pod2: NEW 3/4
  pod3: NEW 4/5
  pod4: NEW 1/7
  pod5: NEW 4/5
  pod6: NEW 4/7
  pod7: NEW 3/7
  pod8: NEW 4/7
  pod9: NEW 3/6
  pod10: NEW 2/8
  pod11: NEW 4/4
  pod12: NEW 3/8
  pod13: NEW 6/8
  pod14: NEW 4/7
  pod15: NEW 6/7
  NEW events: see_attack=1851, see_block=590, see_damage=79, instant_hold=903, instant_window=143, protect_hold=10, protect_window=7, block_skip=17, counter_fire=9, counter_veto=33
  BASE events: instant_hold=911, instant_window=200, added_block=123, block_skip=565, counter_fire=10, counter_veto=18
