staged magda.dck -> C:\Users\Vatto\AppData\Roaming\Forge\simlab-runs\109224-n3mju1d5\decks\commander
staged rog_ishai.dck -> C:\Users\Vatto\AppData\Roaming\Forge\simlab-runs\109224-n3mju1d5\decks\commander
staged tymna_thrasios.dck -> C:\Users\Vatto\AppData\Roaming\Forge\simlab-runs\109224-n3mju1d5\decks\commander
staged selvala_archetype.dck -> C:\Users\Vatto\AppData\Roaming\Forge\simlab-runs\109224-n3mju1d5\decks\commander

--- rotation 1/4: seats = ['magda.dck', 'rog_ishai.dck', 'tymna_thrasios.dck', 'selvala_archetype.dck'] ---
$ java -Xmx4g -cp C:\Users\Vatto\simlab-forge-shim\simlab-forge-shim.jar;C:\Users\Vatto\forge\forge-gui-desktop-2.0.13-jar-with-dependencies.jar simlab.shim.SimShim --decks C:\Users\Vatto\AppData\Roaming\Forge\simlab-runs\109224-n3mju1d5\decks\commander\magda.dck C:\Users\Vatto\AppData\Roaming\Forge\simlab-runs\109224-n3mju1d5\decks\commander\rog_ishai.dck C:\Users\Vatto\AppData\Roaming\Forge\simlab-runs\109224-n3mju1d5\decks\commander\tymna_thrasios.dck C:\Users\Vatto\AppData\Roaming\Forge\simlab-runs\109224-n3mju1d5\decks\commander\selvala_archetype.dck --games 2 --timeout 900 --out C:\Users\Vatto\Magic Rules Engine\studies\tutor_targeting\runs_stock\shim_raw_20260825_152348_010858.jsonl
  shim: FModel initialized
  shim: Ai(1)-magda -> STOCK AI (no plan for "magda")
  shim: Ai(2)-rog_ishai -> STOCK AI (no plan for "rog_ishai")
  shim: Ai(3)-tymna_thrasios -> STOCK AI (no plan for "tymna_thrasios")
  shim: Ai(4)-selvala_archetype -> STOCK AI (no plan for "selvala_archetype")
  shim: game 1 done in 250025 ms — Ai(1)-magda wins
  shim: game 2 done in 377188 ms — Ai(4)-selvala_archetype wins

--- rotation 2/4: seats = ['rog_ishai.dck', 'tymna_thrasios.dck', 'selvala_archetype.dck', 'magda.dck'] ---
$ java -Xmx4g -cp C:\Users\Vatto\simlab-forge-shim\simlab-forge-shim.jar;C:\Users\Vatto\forge\forge-gui-desktop-2.0.13-jar-with-dependencies.jar simlab.shim.SimShim --decks C:\Users\Vatto\AppData\Roaming\Forge\simlab-runs\109224-n3mju1d5\decks\commander\rog_ishai.dck C:\Users\Vatto\AppData\Roaming\Forge\simlab-runs\109224-n3mju1d5\decks\commander\tymna_thrasios.dck C:\Users\Vatto\AppData\Roaming\Forge\simlab-runs\109224-n3mju1d5\decks\commander\selvala_archetype.dck C:\Users\Vatto\AppData\Roaming\Forge\simlab-runs\109224-n3mju1d5\decks\commander\magda.dck --games 2 --timeout 900 --out C:\Users\Vatto\Magic Rules Engine\studies\tutor_targeting\runs_stock\shim_raw_20260825_153427_835850.jsonl
  shim: FModel initialized
  shim: Ai(1)-rog_ishai -> STOCK AI (no plan for "rog_ishai")
  shim: Ai(2)-tymna_thrasios -> STOCK AI (no plan for "tymna_thrasios")
  shim: Ai(3)-selvala_archetype -> STOCK AI (no plan for "selvala_archetype")
  shim: Ai(4)-magda -> STOCK AI (no plan for "magda")
  shim: game 1 done in 270344 ms — Ai(4)-magda wins
  shim: game 2 done in 73063 ms — Ai(3)-selvala_archetype wins

--- rotation 3/4: seats = ['tymna_thrasios.dck', 'selvala_archetype.dck', 'magda.dck', 'rog_ishai.dck'] ---
$ java -Xmx4g -cp C:\Users\Vatto\simlab-forge-shim\simlab-forge-shim.jar;C:\Users\Vatto\forge\forge-gui-desktop-2.0.13-jar-with-dependencies.jar simlab.shim.SimShim --decks C:\Users\Vatto\AppData\Roaming\Forge\simlab-runs\109224-n3mju1d5\decks\commander\tymna_thrasios.dck C:\Users\Vatto\AppData\Roaming\Forge\simlab-runs\109224-n3mju1d5\decks\commander\selvala_archetype.dck C:\Users\Vatto\AppData\Roaming\Forge\simlab-runs\109224-n3mju1d5\decks\commander\magda.dck C:\Users\Vatto\AppData\Roaming\Forge\simlab-runs\109224-n3mju1d5\decks\commander\rog_ishai.dck --games 2 --timeout 900 --out C:\Users\Vatto\Magic Rules Engine\studies\tutor_targeting\runs_stock\shim_raw_20260825_154019_946356.jsonl
  shim: FModel initialized
  shim: Ai(1)-tymna_thrasios -> STOCK AI (no plan for "tymna_thrasios")
  shim: Ai(2)-selvala_archetype -> STOCK AI (no plan for "selvala_archetype")
  shim: Ai(3)-magda -> STOCK AI (no plan for "magda")
  shim: Ai(4)-rog_ishai -> STOCK AI (no plan for "rog_ishai")
  shim: game 1 done in 582830 ms — Ai(3)-magda wins
  shim: game 2 done in 121618 ms — Ai(3)-magda wins

--- rotation 4/4: seats = ['selvala_archetype.dck', 'magda.dck', 'rog_ishai.dck', 'tymna_thrasios.dck'] ---
$ java -Xmx4g -cp C:\Users\Vatto\simlab-forge-shim\simlab-forge-shim.jar;C:\Users\Vatto\forge\forge-gui-desktop-2.0.13-jar-with-dependencies.jar simlab.shim.SimShim --decks C:\Users\Vatto\AppData\Roaming\Forge\simlab-runs\109224-n3mju1d5\decks\commander\selvala_archetype.dck C:\Users\Vatto\AppData\Roaming\Forge\simlab-runs\109224-n3mju1d5\decks\commander\magda.dck C:\Users\Vatto\AppData\Roaming\Forge\simlab-runs\109224-n3mju1d5\decks\commander\rog_ishai.dck C:\Users\Vatto\AppData\Roaming\Forge\simlab-runs\109224-n3mju1d5\decks\commander\tymna_thrasios.dck --games 2 --timeout 900 --out C:\Users\Vatto\Magic Rules Engine\studies\tutor_targeting\runs_stock\shim_raw_20260825_155212_894733.jsonl
  shim: FModel initialized
  shim: Ai(1)-selvala_archetype -> STOCK AI (no plan for "selvala_archetype")
  shim: Ai(2)-magda -> STOCK AI (no plan for "magda")
  shim: Ai(3)-rog_ishai -> STOCK AI (no plan for "rog_ishai")
  shim: Ai(4)-tymna_thrasios -> STOCK AI (no plan for "tymna_thrasios")
  shim: game 1 done in 87400 ms — Ai(2)-magda wins
  shim: game 2 done in 268743 ms — Ai(1)-selvala_archetype wins

8 game(s) parsed | draws: 0
  magda: 5 wins (62%)
  selvala_archetype: 3 wins (38%)
  rog_ishai: 0 wins (0%)
  tymna_thrasios: 0 wins (0%)
json    : C:\Users\Vatto\Magic Rules Engine\studies\tutor_targeting\runs_stock\sim_20260825_152348_rotated.json
