shim: plans loaded for [Goblin Storm [SLD] [2026], Sultai Arisen [TDC] [2025], Quick Draw [OTC] [2024], Mind Flayarrrs [CLB] [2022], Doom Prevails [MSC] [2026], Death Toll [DSC] [2024], Miracle Worker [DSC] [2024], World Shaper [EOC] [2025], Tricky Terrain [M3C] [2024], Desert Bloom [OTC] [2024], Turtle Power! [TMC] [2026], Avengers Assemble [MSC] [2026], Revenant Recon [MKC] [2024], Graveyard Overdrive [M3C] [2024], Enduring Enchantments [CMM] [2023], Elven Council [LTC] [2023], Most Wanted [OTC] [2024], Peace Offering [BLC] [2024], The Fantastic Four [MSC] [2026], Lorehold Spirit [SOC] [2026], Blame Game [MKC] [2024], Blood Rites [LCC] [2023], The Host of Mordor [LTC] [2023], Exit from Exile [CLB] [2022], Creative Energy [M3C] [2024], Food and Fellowship [LTC] [2023], Grand Larceny [OTC] [2024], Counter Blitz [FIC] [2025], Jeskai Striker [TDC] [2025], Witherbloom Pestilence [SOC] [2026], Blight Curse [ECC] [2026], Scrappy Survivors [PIP] [2024]]
Upcoming set Star Trek (TRK) dated in the future. All `upcoming` cards will be added to this set with unknown rarity.
The card A-Alrund's Epiphany was not assigned to any set. Adding it to UNKNOWN set... to fix see res/editions/ folder. 
The card A-Baba Lysaga, Night Witch was not assigned to any set. Adding it to UNKNOWN set... to fix see res/editions/ folder. 
The card A-Divide by Zero was not assigned to any set. Adding it to UNKNOWN set... to fix see res/editions/ folder. 
The card A-Esika's Chariot was not assigned to any set. Adding it to UNKNOWN set... to fix see res/editions/ folder. 
The card A-Faceless Haven was not assigned to any set. Adding it to UNKNOWN set... to fix see res/editions/ folder. 
The card A-Fires of Invention was not assigned to any set. Adding it to UNKNOWN set... to fix see res/editions/ folder. 
The card A-Goldspan Dragon was not assigned to any set. Adding it to UNKNOWN set... to fix see res/editions/ folder. 
The card A-Hullbreaker Horror was not assigned to any set. Adding it to UNKNOWN set... to fix see res/editions/ folder. 
The card A-Kumano Faces Kakkazan was not assigned to any set. Adding it to UNKNOWN set... to fix see res/editions/ folder. 
The card A-Luminarch Aspirant was not assigned to any set. Adding it to UNKNOWN set... to fix see res/editions/ folder. 
The card A-Monster Manual was not assigned to any set. Adding it to UNKNOWN set... to fix see res/editions/ folder. 
The card A-Omnath, Locus of Creation was not assigned to any set. Adding it to UNKNOWN set... to fix see res/editions/ folder. 
The card A-The Meathook Massacre was not assigned to any set. Adding it to UNKNOWN set... to fix see res/editions/ folder. 
The card A-Unholy Heat was not assigned to any set. Adding it to UNKNOWN set... to fix see res/editions/ folder. 
The card Blinding Radiance was not assigned to any set. Adding it to UNKNOWN set... to fix see res/editions/ folder. 
The card Goblin Bruiser was not assigned to any set. Adding it to UNKNOWN set... to fix see res/editions/ folder. 
The card Ogre Painbringer was not assigned to any set. Adding it to UNKNOWN set... to fix see res/editions/ folder. 
The card Titanic Pelagosaur was not assigned to any set. Adding it to UNKNOWN set... to fix see res/editions/ folder. 
The card Treetop Recluse was not assigned to any set. Adding it to UNKNOWN set... to fix see res/editions/ folder. 
Upcoming set Star Trek (TRK) dated in the future. All `upcoming` cards will be added to this set with unknown rarity.
shim: FModel initialized
shim: Ai(1)-Food and Fellowship [LTC] [2023] -> plan agent, profile SimLabHuman
shim: Ai(2)-Blight Curse [ECC] [2026] -> stock AI, profile Default
shim: Ai(3)-Elven Council [LTC] [2023] -> plan agent, profile SimLabHuman
shim: Ai(4)-Tricky Terrain [M3C] [2024] -> stock AI, profile Default
java.util.concurrent.TimeoutException
	at java.base/java.util.concurrent.FutureTask.get(FutureTask.java:204)
	at forge.ai.AiController.chooseSpellAbilityToPlayFromList(AiController.java:1680)
	at forge.ai.AiController.getSpellAbilityToPlay(AiController.java:1569)
	at forge.ai.AiController.chooseSpellAbilityToPlay(AiController.java:1389)
	at forge.ai.PlayerControllerAi.chooseSpellAbilityToPlay(PlayerControllerAi.java:833)
	at forge.game.phase.PhaseHandler.mainLoopStep(PhaseHandler.java:1063)
	at forge.game.phase.PhaseHandler.mainGameLoop(PhaseHandler.java:1042)
	at forge.game.phase.PhaseHandler.startFirstTurn(PhaseHandler.java:1036)
	at forge.game.GameAction.startGame(GameAction.java:2373)
	at forge.game.Match.startGame(Match.java:92)
	at forge.game.Match.startGame(Match.java:77)
	at simlab.shim.SimShim.lambda$runOneGame$1(SimShim.java:601)
	at java.base/java.util.concurrent.Executors$RunnableAdapter.call(Executors.java:539)
	at java.base/java.util.concurrent.FutureTask.run(FutureTask.java:264)
	at java.base/java.util.concurrent.ThreadPoolExecutor.runWorker(ThreadPoolExecutor.java:1136)
	at java.base/java.util.concurrent.ThreadPoolExecutor$Worker.run(ThreadPoolExecutor.java:635)
	at java.base/java.lang.Thread.run(Thread.java:840)
Warning: default (ie. inherited from base class) implementation of chooseSingleCard is used by Eventide's Shadow for forge.ai.ability.CountersRemoveAi. Consider declaring an overloaded method
Warning: default (ie. inherited from base class) implementation of chooseSingleCard is used by Eventide's Shadow for forge.ai.ability.CountersRemoveAi. Consider declaring an overloaded method
Warning: default (ie. inherited from base class) implementation of chooseSingleCard is used by Eventide's Shadow for forge.ai.ability.CountersRemoveAi. Consider declaring an overloaded method
Warning: default (ie. inherited from base class) implementation of chooseSingleCard is used by Eventide's Shadow for forge.ai.ability.CountersRemoveAi. Consider declaring an overloaded method
Warning: default (ie. inherited from base class) implementation of chooseSingleCard is used by Eventide's Shadow for forge.ai.ability.CountersRemoveAi. Consider declaring an overloaded method
Warning: default (ie. inherited from base class) implementation of chooseSingleCard is used by Eventide's Shadow for forge.ai.ability.CountersRemoveAi. Consider declaring an overloaded method
Warning: default (ie. inherited from base class) implementation of chooseSingleCard is used by Eventide's Shadow for forge.ai.ability.CountersRemoveAi. Consider declaring an overloaded method
Warning: default (ie. inherited from base class) implementation of chooseSingleCard is used by Eventide's Shadow for forge.ai.ability.CountersRemoveAi. Consider declaring an overloaded method
Warning: default (ie. inherited from base class) implementation of chooseSingleCard is used by Eventide's Shadow for forge.ai.ability.CountersRemoveAi. Consider declaring an overloaded method
Warning: default (ie. inherited from base class) implementation of chooseSingleCard is used by Eventide's Shadow for forge.ai.ability.CountersRemoveAi. Consider declaring an overloaded method
Warning: default (ie. inherited from base class) implementation of chooseSingleCard is used by Eventide's Shadow for forge.ai.ability.CountersRemoveAi. Consider declaring an overloaded method
Warning: default (ie. inherited from base class) implementation of chooseSingleCard is used by Eventide's Shadow for forge.ai.ability.CountersRemoveAi. Consider declaring an overloaded method
Warning: default (ie. inherited from base class) implementation of chooseSingleCard is used by Eventide's Shadow for forge.ai.ability.CountersRemoveAi. Consider declaring an overloaded method
Warning: default (ie. inherited from base class) implementation of chooseSingleCard is used by Eventide's Shadow for forge.ai.ability.CountersRemoveAi. Consider declaring an overloaded method
Warning: default (ie. inherited from base class) implementation of chooseSingleCard is used by Eventide's Shadow for forge.ai.ability.CountersRemoveAi. Consider declaring an overloaded method
Warning: default (ie. inherited from base class) implementation of chooseSingleCard is used by Eventide's Shadow for forge.ai.ability.CountersRemoveAi. Consider declaring an overloaded method
Warning: default (ie. inherited from base class) implementation of chooseSingleCard is used by Eventide's Shadow for forge.ai.ability.CountersRemoveAi. Consider declaring an overloaded method
Warning: default (ie. inherited from base class) implementation of chooseSingleCard is used by Eventide's Shadow for forge.ai.ability.CountersRemoveAi. Consider declaring an overloaded method
Warning: default (ie. inherited from base class) implementation of chooseSingleCard is used by Eventide's Shadow for forge.ai.ability.CountersRemoveAi. Consider declaring an overloaded method
Warning: default (ie. inherited from base class) implementation of chooseSingleCard is used by Eventide's Shadow for forge.ai.ability.CountersRemoveAi. Consider declaring an overloaded method
Warning: default (ie. inherited from base class) implementation of chooseSingleCard is used by Eventide's Shadow for forge.ai.ability.CountersRemoveAi. Consider declaring an overloaded method
Warning: default (ie. inherited from base class) implementation of chooseSingleCard is used by Eventide's Shadow for forge.ai.ability.CountersRemoveAi. Consider declaring an overloaded method
Warning: default (ie. inherited from base class) implementation of chooseSingleCard is used by Eventide's Shadow for forge.ai.ability.CountersRemoveAi. Consider declaring an overloaded method
Warning: default (ie. inherited from base class) implementation of chooseSingleCard is used by Eventide's Shadow for forge.ai.ability.CountersRemoveAi. Consider declaring an overloaded method
Warning: default (ie. inherited from base class) implementation of chooseSingleCard is used by Eventide's Shadow for forge.ai.ability.CountersRemoveAi. Consider declaring an overloaded method
Warning: default (ie. inherited from base class) implementation of chooseSingleCard is used by Eventide's Shadow for forge.ai.ability.CountersRemoveAi. Consider declaring an overloaded method
Warning: default (ie. inherited from base class) implementation of chooseSingleCard is used by Eventide's Shadow for forge.ai.ability.CountersRemoveAi. Consider declaring an overloaded method
Warning: default (ie. inherited from base class) implementation of chooseSingleCard is used by Eventide's Shadow for forge.ai.ability.CountersRemoveAi. Consider declaring an overloaded method
Warning: default (ie. inherited from base class) implementation of chooseSingleCard is used by Eventide's Shadow for forge.ai.ability.CountersRemoveAi. Consider declaring an overloaded method
Warning: default (ie. inherited from base class) implementation of chooseSingleCard is used by Eventide's Shadow for forge.ai.ability.CountersRemoveAi. Consider declaring an overloaded method
Warning: default (ie. inherited from base class) implementation of chooseSingleCard is used by Eventide's Shadow for forge.ai.ability.CountersRemoveAi. Consider declaring an overloaded method
Warning: default (ie. inherited from base class) implementation of chooseSingleCard is used by Eventide's Shadow for forge.ai.ability.CountersRemoveAi. Consider declaring an overloaded method
Warning: default (ie. inherited from base class) implementation of chooseSingleCard is used by Eventide's Shadow for forge.ai.ability.CountersRemoveAi. Consider declaring an overloaded method
Warning: default (ie. inherited from base class) implementation of chooseSingleCard is used by Eventide's Shadow for forge.ai.ability.CountersRemoveAi. Consider declaring an overloaded method
Warning: default (ie. inherited from base class) implementation of chooseSingleCard is used by Eventide's Shadow for forge.ai.ability.CountersRemoveAi. Consider declaring an overloaded method
Warning: default (ie. inherited from base class) implementation of chooseSingleCard is used by Eventide's Shadow for forge.ai.ability.CountersRemoveAi. Consider declaring an overloaded method
Warning: default (ie. inherited from base class) implementation of chooseSingleCard is used by Eventide's Shadow for forge.ai.ability.CountersRemoveAi. Consider declaring an overloaded method
Warning: default (ie. inherited from base class) implementation of chooseSingleCard is used by Eventide's Shadow for forge.ai.ability.CountersRemoveAi. Consider declaring an overloaded method
Warning: default (ie. inherited from base class) implementation of chooseSingleCard is used by Eventide's Shadow for forge.ai.ability.CountersRemoveAi. Consider declaring an overloaded method
Warning: default (ie. inherited from base class) implementation of chooseSingleCard is used by Eventide's Shadow for forge.ai.ability.CountersRemoveAi. Consider declaring an overloaded method
Warning: default (ie. inherited from base class) implementation of chooseSingleCard is used by Eventide's Shadow for forge.ai.ability.CountersRemoveAi. Consider declaring an overloaded method
Warning: default (ie. inherited from base class) implementation of chooseSingleCard is used by Eventide's Shadow for forge.ai.ability.CountersRemoveAi. Consider declaring an overloaded method
Warning: default (ie. inherited from base class) implementation of chooseSingleCard is used by Eventide's Shadow for forge.ai.ability.CountersRemoveAi. Consider declaring an overloaded method
Warning: default (ie. inherited from base class) implementation of chooseSingleCard is used by Eventide's Shadow for forge.ai.ability.CountersRemoveAi. Consider declaring an overloaded method
Warning: default (ie. inherited from base class) implementation of chooseSingleCard is used by Eventide's Shadow for forge.ai.ability.CountersRemoveAi. Consider declaring an overloaded method
Warning: default (ie. inherited from base class) implementation of chooseSingleCard is used by Eventide's Shadow for forge.ai.ability.CountersRemoveAi. Consider declaring an overloaded method
Warning: default (ie. inherited from base class) implementation of chooseSingleCard is used by Eventide's Shadow for forge.ai.ability.CountersRemoveAi. Consider declaring an overloaded method
Warning: default (ie. inherited from base class) implementation of chooseSingleCard is used by Eventide's Shadow for forge.ai.ability.CountersRemoveAi. Consider declaring an overloaded method
Warning: default (ie. inherited from base class) implementation of chooseSingleCard is used by Eventide's Shadow for forge.ai.ability.CountersRemoveAi. Consider declaring an overloaded method
Warning: default (ie. inherited from base class) implementation of chooseSingleCard is used by Eventide's Shadow for forge.ai.ability.CountersRemoveAi. Consider declaring an overloaded method
Warning: default (ie. inherited from base class) implementation of chooseSingleCard is used by Eventide's Shadow for forge.ai.ability.CountersRemoveAi. Consider declaring an overloaded method
Warning: default (ie. inherited from base class) implementation of chooseSingleCard is used by Eventide's Shadow for forge.ai.ability.CountersRemoveAi. Consider declaring an overloaded method
Warning: default (ie. inherited from base class) implementation of chooseSingleCard is used by Eventide's Shadow for forge.ai.ability.CountersRemoveAi. Consider declaring an overloaded method
Warning: default (ie. inherited from base class) implementation of chooseSingleCard is used by Eventide's Shadow for forge.ai.ability.CountersRemoveAi. Consider declaring an overloaded method
Warning: default (ie. inherited from base class) implementation of chooseSingleCard is used by Eventide's Shadow for forge.ai.ability.CountersRemoveAi. Consider declaring an overloaded method
Warning: default (ie. inherited from base class) implementation of chooseSingleCard is used by Eventide's Shadow for forge.ai.ability.CountersRemoveAi. Consider declaring an overloaded method
Warning: default (ie. inherited from base class) implementation of chooseSingleCard is used by Eventide's Shadow for forge.ai.ability.CountersRemoveAi. Consider declaring an overloaded method
Warning: default (ie. inherited from base class) implementation of chooseSingleCard is used by Eventide's Shadow for forge.ai.ability.CountersRemoveAi. Consider declaring an overloaded method
Warning: default (ie. inherited from base class) implementation of chooseSingleCard is used by Eventide's Shadow for forge.ai.ability.CountersRemoveAi. Consider declaring an overloaded method
Warning: default (ie. inherited from base class) implementation of chooseSingleCard is used by Eventide's Shadow for forge.ai.ability.CountersRemoveAi. Consider declaring an overloaded method
Warning: default (ie. inherited from base class) implementation of chooseSingleCard is used by Eventide's Shadow for forge.ai.ability.CountersRemoveAi. Consider declaring an overloaded method
Warning: default (ie. inherited from base class) implementation of chooseSingleCard is used by Eventide's Shadow for forge.ai.ability.CountersRemoveAi. Consider declaring an overloaded method
Warning: default (ie. inherited from base class) implementation of chooseSingleCard is used by Eventide's Shadow for forge.ai.ability.CountersRemoveAi. Consider declaring an overloaded method
shim: game 1 done in 285231 ms — Ai(2)-Blight Curse [ECC] [2026] wins
