Error handling registered!
14:26:44 [INFO ] GuiBase: ##########################################
14:26:44 [INFO ] GuiBase: APP: Forge v.2.0.13-SNAPSHOT-06.22
14:26:44 [INFO ] GuiBase: Java: 17.0.20 (Homebrew)
14:26:44 [INFO ] GuiBase: OS: Mac OS X 15.7.5 aarch64
14:26:44 [INFO ] GuiBase: RAM: 4096 MB max, 12 CPUs
14:26:44 [INFO ] GuiBase: ##########################################
Language 'en-US' loaded successfully.
(ThreadUtil first call): Running with priority 5
Read cards: 33319 archived files in 0 ms (25 parts) using thread pool
Upcoming set Star Trek (TRK) dated in the future. All `upcoming` cards will be added to this set with unknown rarity.
The card A-Alrund's Epiphany was not assigned to any set. Adding it to UNKNOWN set... to fix see res/editions/ folder. 
The card A-Baba Lysaga, Night Witch was not assigned to any set. Adding it to UNKNOWN set... to fix see res/editions/ folder. 
The card A-Divide by Zero was not assigned to any set. Adding it to UNKNOWN set... to fix see res/editions/ folder. 
The card A-Esika's Chariot was not assigned to any set. Adding it to UNKNOWN set... to fix see res/editions/ folder. 
The card A-Faceless Haven was not assigned to any set. Adding it to UNKNOWN set... to fix see res/editions/ folder. 
The card A-Fires of Invention was not assigned to any set. Adding it to UNKNOWN set... to fix see res/editions/ folder. 
The card A-Goldspan Dragon was not assigned to any set. Adding it to UNKNOWN set... to fix see res/editions/ folder. 
The card A-Hullbreaker Horror was not assigned to any set. Adding it to UNKNOWN set... to fix see res/editions/ folder. 
The card A-Kumano Faces Kakkazan was not assigned to any set. Adding it to UNKNOWN set... to fix see res/editions/ folder. 
The card A-Luminarch Aspirant was not assigned to any set. Adding it to UNKNOWN set... to fix see res/editions/ folder. 
The card A-Monster Manual was not assigned to any set. Adding it to UNKNOWN set... to fix see res/editions/ folder. 
The card A-Omnath, Locus of Creation was not assigned to any set. Adding it to UNKNOWN set... to fix see res/editions/ folder. 
The card A-The Meathook Massacre was not assigned to any set. Adding it to UNKNOWN set... to fix see res/editions/ folder. 
The card A-Unholy Heat was not assigned to any set. Adding it to UNKNOWN set... to fix see res/editions/ folder. 
The card Blinding Radiance was not assigned to any set. Adding it to UNKNOWN set... to fix see res/editions/ folder. 
The card Goblin Bruiser was not assigned to any set. Adding it to UNKNOWN set... to fix see res/editions/ folder. 
The card Ogre Painbringer was not assigned to any set. Adding it to UNKNOWN set... to fix see res/editions/ folder. 
The card Titanic Pelagosaur was not assigned to any set. Adding it to UNKNOWN set... to fix see res/editions/ folder. 
The card Treetop Recluse was not assigned to any set. Adding it to UNKNOWN set... to fix see res/editions/ folder. 
Upcoming set Star Trek (TRK) dated in the future. All `upcoming` cards will be added to this set with unknown rarity.
Read cards: 821 files in 0 ms (8 parts) using thread pool
Simulation mode
Ai(1)-Krenko Goblins vs Ai(2)-Talrand Control vs Ai(3)-Drana Vampires vs Ai(4)-Inspirit B3 - four games of Commander
Mountain Did not have activator set in SpellAbilityRestriction.canPlay()
Mountain Did not have activator set in SpellAbilityRestriction.canPlay()
Mountain Did not have activator set in SpellAbilityRestriction.canPlay()
Mountain Did not have activator set in SpellAbilityRestriction.canPlay()
Mountain Did not have activator set in SpellAbilityRestriction.canPlay()
Warning: default (ie. inherited from base class) implementation of confirmAction is used by Krenko, Mob Boss for forge.ai.ability.PermanentCreatureAi. Consider declaring an overloaded method
Warning: default (ie. inherited from base class) implementation of confirmAction is used by Talrand, Sky Summoner for forge.ai.ability.PermanentCreatureAi. Consider declaring an overloaded method
Warning: default (ie. inherited from base class) implementation of confirmAction is used by Inspirit, Flagship Vessel for forge.ai.ability.PermanentNoncreatureAi. Consider declaring an overloaded method
Warning: default (ie. inherited from base class) implementation of chooseSinglePlayer is used by Fact or Fiction for forge.ai.ability.TwoPilesAi. Consider declaring an overloaded method
Warning: default (ie. inherited from base class) implementation of confirmAction is used by Talrand, Sky Summoner for forge.ai.ability.PermanentCreatureAi. Consider declaring an overloaded method
Warning: default (ie. inherited from base class) implementation of confirmAction is used by Talrand, Sky Summoner for forge.ai.ability.PermanentCreatureAi. Consider declaring an overloaded method
Warning: default (ie. inherited from base class) implementation of confirmAction is used by Talrand, Sky Summoner for forge.ai.ability.PermanentCreatureAi. Consider declaring an overloaded method
Warning: default (ie. inherited from base class) implementation of confirmAction is used by Talrand, Sky Summoner for forge.ai.ability.PermanentCreatureAi. Consider declaring an overloaded method
Warning: default (ie. inherited from base class) implementation of confirmAction is used by Talrand, Sky Summoner for forge.ai.ability.PermanentCreatureAi. Consider declaring an overloaded method
Game Outcome: Turn 29
Game Outcome: Ai(1)-Krenko Goblins has lost because life total reached 0
Game Outcome: Ai(2)-Talrand Control has lost because life total reached 0
Game Outcome: Ai(3)-Drana Vampires has won because all opponents have lost
Game Outcome: Ai(4)-Inspirit B3 has lost because life total reached 0
Match Result: Ai(1)-Krenko Goblins: 0 Ai(2)-Talrand Control: 0 Ai(3)-Drana Vampires: 1 Ai(4)-Inspirit B3: 0 

Game Result: Game 1 ended in 221425 ms. Ai(3)-Drana Vampires has won!

Warning: default (ie. inherited from base class) implementation of confirmAction is used by Krenko, Mob Boss for forge.ai.ability.PermanentCreatureAi. Consider declaring an overloaded method
Warning: default (ie. inherited from base class) implementation of confirmAction is used by Talrand, Sky Summoner for forge.ai.ability.PermanentCreatureAi. Consider declaring an overloaded method
Warning: default (ie. inherited from base class) implementation of confirmAction is used by Drana, Liberator of Malakir for forge.ai.ability.PermanentCreatureAi. Consider declaring an overloaded method
Warning: default (ie. inherited from base class) implementation of chooseSinglePlayer is used by Sphinx of Uthuun for forge.ai.ability.TwoPilesAi. Consider declaring an overloaded method
Correcting zone for Sphinx of Uthuun (192)
Correcting zone for Sphinx of Uthuun (192)
Active player is no longer in the game...
Warning: default (ie. inherited from base class) implementation of confirmAction is used by Krenko, Mob Boss for forge.ai.ability.PermanentCreatureAi. Consider declaring an overloaded method
Game Outcome: Turn 19
Game Outcome: Ai(1)-Krenko Goblins has won because all opponents have lost
Game Outcome: Ai(2)-Talrand Control has lost because life total reached 0
Game Outcome: Ai(3)-Drana Vampires has lost because life total reached 0
Game Outcome: Ai(4)-Inspirit B3 has lost because life total reached 0
Match Result: Ai(1)-Krenko Goblins: 1 Ai(2)-Talrand Control: 0 Ai(3)-Drana Vampires: 1 Ai(4)-Inspirit B3: 0 

Game Result: Game 2 ended in 16570 ms. Ai(1)-Krenko Goblins has won!

Warning: default (ie. inherited from base class) implementation of confirmAction is used by Talrand, Sky Summoner for forge.ai.ability.PermanentCreatureAi. Consider declaring an overloaded method
Warning: default (ie. inherited from base class) implementation of chooseSinglePlayer is used by Sphinx of Uthuun for forge.ai.ability.TwoPilesAi. Consider declaring an overloaded method
Game Outcome: Turn 27
Game Outcome: Ai(1)-Krenko Goblins has lost because life total reached 0
Game Outcome: Ai(2)-Talrand Control has lost because life total reached 0
Game Outcome: Ai(3)-Drana Vampires has won because all opponents have lost
Game Outcome: Ai(4)-Inspirit B3 has lost because life total reached 0
Match Result: Ai(1)-Krenko Goblins: 1 Ai(2)-Talrand Control: 0 Ai(3)-Drana Vampires: 2 Ai(4)-Inspirit B3: 0 

Game Result: Game 3 ended in 30190 ms. Ai(3)-Drana Vampires has won!

Mountain Did not have activator set in SpellAbilityRestriction.canPlay()
Mountain Did not have activator set in SpellAbilityRestriction.canPlay()
Warning: default (ie. inherited from base class) implementation of confirmAction is used by Talrand, Sky Summoner for forge.ai.ability.PermanentCreatureAi. Consider declaring an overloaded method
Moving spell to Library
Warning: default (ie. inherited from base class) implementation of confirmAction is used by Krenko, Mob Boss for forge.ai.ability.PermanentCreatureAi. Consider declaring an overloaded method
Warning: default (ie. inherited from base class) implementation of confirmAction is used by Krenko, Mob Boss for forge.ai.ability.PermanentCreatureAi. Consider declaring an overloaded method
Warning: default (ie. inherited from base class) implementation of chooseSingleCard is used by Ripples of Potential for forge.ai.ability.PhasesAi. Consider declaring an overloaded method
Warning: default (ie. inherited from base class) implementation of chooseSingleCard is used by Ripples of Potential for forge.ai.ability.PhasesAi. Consider declaring an overloaded method
Warning: default (ie. inherited from base class) implementation of chooseSingleCard is used by Ripples of Potential for forge.ai.ability.PhasesAi. Consider declaring an overloaded method
Game Outcome: Turn 21
Game Outcome: Ai(1)-Krenko Goblins has lost because life total reached 0
Game Outcome: Ai(2)-Talrand Control has lost because life total reached 0
Game Outcome: Ai(3)-Drana Vampires has won because all opponents have lost
Game Outcome: Ai(4)-Inspirit B3 has lost because life total reached 0
Match Result: Ai(1)-Krenko Goblins: 1 Ai(2)-Talrand Control: 0 Ai(3)-Drana Vampires: 3 Ai(4)-Inspirit B3: 0 

Game Result: Game 4 ended in 71803 ms. Ai(3)-Drana Vampires has won!

