Error handling registered!
14:07:48 [INFO ] GuiBase: ##########################################
14:07:48 [INFO ] GuiBase: APP: Forge v.2.0.13-SNAPSHOT-06.22
14:07:48 [INFO ] GuiBase: Java: 17.0.20 (Homebrew)
14:07:48 [INFO ] GuiBase: OS: Mac OS X 15.7.5 aarch64
14:07:48 [INFO ] GuiBase: RAM: 4096 MB max, 12 CPUs
14:07:48 [INFO ] GuiBase: ##########################################
Language 'en-US' loaded successfully.
(ThreadUtil first call): Running with priority 5
Read cards: 33319 archived files in 0 ms (25 parts) using thread pool
Upcoming set Star Trek (TRK) dated in the future. All `upcoming` cards will be added to this set with unknown rarity.
The card A-Alrund's Epiphany was not assigned to any set. Adding it to UNKNOWN set... to fix see res/editions/ folder. 
The card A-Baba Lysaga, Night Witch was not assigned to any set. Adding it to UNKNOWN set... to fix see res/editions/ folder. 
The card A-Divide by Zero was not assigned to any set. Adding it to UNKNOWN set... to fix see res/editions/ folder. 
The card A-Esika's Chariot was not assigned to any set. Adding it to UNKNOWN set... to fix see res/editions/ folder. 
The card A-Faceless Haven was not assigned to any set. Adding it to UNKNOWN set... to fix see res/editions/ folder. 
The card A-Fires of Invention was not assigned to any set. Adding it to UNKNOWN set... to fix see res/editions/ folder. 
The card A-Goldspan Dragon was not assigned to any set. Adding it to UNKNOWN set... to fix see res/editions/ folder. 
The card A-Hullbreaker Horror was not assigned to any set. Adding it to UNKNOWN set... to fix see res/editions/ folder. 
The card A-Kumano Faces Kakkazan was not assigned to any set. Adding it to UNKNOWN set... to fix see res/editions/ folder. 
The card A-Luminarch Aspirant was not assigned to any set. Adding it to UNKNOWN set... to fix see res/editions/ folder. 
The card A-Monster Manual was not assigned to any set. Adding it to UNKNOWN set... to fix see res/editions/ folder. 
The card A-Omnath, Locus of Creation was not assigned to any set. Adding it to UNKNOWN set... to fix see res/editions/ folder. 
The card A-The Meathook Massacre was not assigned to any set. Adding it to UNKNOWN set... to fix see res/editions/ folder. 
The card A-Unholy Heat was not assigned to any set. Adding it to UNKNOWN set... to fix see res/editions/ folder. 
The card Blinding Radiance was not assigned to any set. Adding it to UNKNOWN set... to fix see res/editions/ folder. 
The card Goblin Bruiser was not assigned to any set. Adding it to UNKNOWN set... to fix see res/editions/ folder. 
The card Ogre Painbringer was not assigned to any set. Adding it to UNKNOWN set... to fix see res/editions/ folder. 
The card Titanic Pelagosaur was not assigned to any set. Adding it to UNKNOWN set... to fix see res/editions/ folder. 
The card Treetop Recluse was not assigned to any set. Adding it to UNKNOWN set... to fix see res/editions/ folder. 
Upcoming set Star Trek (TRK) dated in the future. All `upcoming` cards will be added to this set with unknown rarity.
Read cards: 821 files in 0 ms (8 parts) using thread pool
Simulation mode
Ai(1)-NanMan Felix Five-Boots vs Ai(2)-N3cro Raggadragga vs Ai(3)-Inspirit B3 vs Ai(4)-Dnide Wildsear - four games of Commander
Warning: default (ie. inherited from base class) implementation of confirmAction is used by Raggadragga, Goreguts Boss for forge.ai.ability.PermanentCreatureAi. Consider declaring an overloaded method
Warning: default (ie. inherited from base class) implementation of confirmAction is used by Wildsear, Scouring Maw for forge.ai.ability.PermanentCreatureAi. Consider declaring an overloaded method
No AI assigned for API: Incubate
Warning: default (ie. inherited from base class) implementation of confirmAction is used by Raggadragga, Goreguts Boss for forge.ai.ability.PermanentCreatureAi. Consider declaring an overloaded method
Warning: default (ie. inherited from base class) implementation of chooseSingleCard is used by Ripples of Potential for forge.ai.ability.PhasesAi. Consider declaring an overloaded method
Warning: default (ie. inherited from base class) implementation of chooseSingleCard is used by Ripples of Potential for forge.ai.ability.PhasesAi. Consider declaring an overloaded method
Warning: default (ie. inherited from base class) implementation of chooseSingleCard is used by Ripples of Potential for forge.ai.ability.PhasesAi. Consider declaring an overloaded method
Warning: default (ie. inherited from base class) implementation of chooseSingleCard is used by Ripples of Potential for forge.ai.ability.PhasesAi. Consider declaring an overloaded method
Warning: default (ie. inherited from base class) implementation of chooseSingleCard is used by Ripples of Potential for forge.ai.ability.PhasesAi. Consider declaring an overloaded method
Warning: default (ie. inherited from base class) implementation of chooseSingleCard is used by Ripples of Potential for forge.ai.ability.PhasesAi. Consider declaring an overloaded method
Warning: default (ie. inherited from base class) implementation of chooseSingleCard is used by Ripples of Potential for forge.ai.ability.PhasesAi. Consider declaring an overloaded method
Warning: default (ie. inherited from base class) implementation of chooseSingleCard is used by Ripples of Potential for forge.ai.ability.PhasesAi. Consider declaring an overloaded method
Warning: default (ie. inherited from base class) implementation of chooseSingleCard is used by Ripples of Potential for forge.ai.ability.PhasesAi. Consider declaring an overloaded method
Warning: default (ie. inherited from base class) implementation of confirmAction is used by Wildsear, Scouring Maw for forge.ai.ability.PermanentCreatureAi. Consider declaring an overloaded method
Game Outcome: Turn 19
Game Outcome: Ai(1)-NanMan Felix Five-Boots has lost because life total reached 0
Game Outcome: Ai(2)-N3cro Raggadragga has lost because life total reached 0
Game Outcome: Ai(3)-Inspirit B3 has won because all opponents have lost
Game Outcome: Ai(4)-Dnide Wildsear has lost because life total reached 0
Match Result: Ai(1)-NanMan Felix Five-Boots: 0 Ai(2)-N3cro Raggadragga: 0 Ai(3)-Inspirit B3: 1 Ai(4)-Dnide Wildsear: 0 

Game Result: Game 1 ended in 142303 ms. Ai(3)-Inspirit B3 has won!

Warning: default (ie. inherited from base class) implementation of confirmAction is used by Raggadragga, Goreguts Boss for forge.ai.ability.PermanentCreatureAi. Consider declaring an overloaded method
Warning: default (ie. inherited from base class) implementation of confirmAction is used by Inspirit, Flagship Vessel for forge.ai.ability.PermanentNoncreatureAi. Consider declaring an overloaded method
Warning: default (ie. inherited from base class) implementation of confirmAction is used by Wildsear, Scouring Maw for forge.ai.ability.PermanentCreatureAi. Consider declaring an overloaded method
Warning: default (ie. inherited from base class) implementation of confirmAction is used by Wildsear, Scouring Maw for forge.ai.ability.PermanentCreatureAi. Consider declaring an overloaded method
Game Outcome: Turn 24
Game Outcome: Ai(1)-NanMan Felix Five-Boots has won because all opponents have lost
Game Outcome: Ai(2)-N3cro Raggadragga has lost because life total reached 0
Game Outcome: Ai(3)-Inspirit B3 has lost because of obtaining 10 poison counters
Game Outcome: Ai(4)-Dnide Wildsear has lost because of obtaining 10 poison counters
Match Result: Ai(1)-NanMan Felix Five-Boots: 1 Ai(2)-N3cro Raggadragga: 0 Ai(3)-Inspirit B3: 1 Ai(4)-Dnide Wildsear: 0 

Game Result: Game 2 ended in 154855 ms. Ai(1)-NanMan Felix Five-Boots has won!

Warning: default (ie. inherited from base class) implementation of confirmAction is used by Wildsear, Scouring Maw for forge.ai.ability.PermanentCreatureAi. Consider declaring an overloaded method
SVar 'Double' not found in ability, fallback to Card (Unnatural Growth). Ability is ()
SVar 'Double' not defined in Card (Unnatural Growth)
SVar 'Double' not found in ability, fallback to Card (Unnatural Growth). Ability is ()
SVar 'Double' not defined in Card (Unnatural Growth)
SVar 'Double' not found in ability, fallback to Card (Unnatural Growth). Ability is ()
SVar 'Double' not defined in Card (Unnatural Growth)
SVar 'Double' not found in ability, fallback to Card (Unnatural Growth). Ability is ()
SVar 'Double' not defined in Card (Unnatural Growth)
SVar 'Double' not found in ability, fallback to Card (Unnatural Growth). Ability is ()
SVar 'Double' not defined in Card (Unnatural Growth)
SVar 'Double' not found in ability, fallback to Card (Unnatural Growth). Ability is ()
SVar 'Double' not defined in Card (Unnatural Growth)
Warning: default (ie. inherited from base class) implementation of confirmAction is used by Raggadragga, Goreguts Boss for forge.ai.ability.PermanentCreatureAi. Consider declaring an overloaded method
Game Outcome: Turn 13
Game Outcome: Ai(1)-NanMan Felix Five-Boots has lost due to accumulation of 21 damage from generals
Game Outcome: Ai(2)-N3cro Raggadragga has lost because life total reached 0
Game Outcome: Ai(3)-Inspirit B3 has lost because life total reached 0
Game Outcome: Ai(4)-Dnide Wildsear has won because all opponents have lost
Match Result: Ai(1)-NanMan Felix Five-Boots: 1 Ai(2)-N3cro Raggadragga: 0 Ai(3)-Inspirit B3: 1 Ai(4)-Dnide Wildsear: 1 

Game Result: Game 3 ended in 31086 ms. Ai(4)-Dnide Wildsear has won!

SVar 'Double' not found in ability, fallback to Card (Unnatural Growth). Ability is ()
SVar 'Double' not defined in Card (Unnatural Growth)
SVar 'Double' not found in ability, fallback to Card (Unnatural Growth). Ability is ()
SVar 'Double' not defined in Card (Unnatural Growth)
SVar 'Double' not found in ability, fallback to Card (Unnatural Growth). Ability is ()
SVar 'Double' not defined in Card (Unnatural Growth)
SVar 'Double' not found in ability, fallback to Card (Unnatural Growth). Ability is ()
SVar 'Double' not defined in Card (Unnatural Growth)
SVar 'Double' not found in ability, fallback to Card (Unnatural Growth). Ability is ()
SVar 'Double' not defined in Card (Unnatural Growth)
SVar 'Double' not found in ability, fallback to Card (Unnatural Growth). Ability is ()
SVar 'Double' not defined in Card (Unnatural Growth)
SVar 'Double' not found in ability, fallback to Card (Unnatural Growth). Ability is ()
SVar 'Double' not defined in Card (Unnatural Growth)
SVar 'Double' not found in ability, fallback to Card (Unnatural Growth). Ability is ()
SVar 'Double' not defined in Card (Unnatural Growth)
SVar 'Double' not found in ability, fallback to Card (Unnatural Growth). Ability is ()
SVar 'Double' not defined in Card (Unnatural Growth)
SVar 'Double' not found in ability, fallback to Card (Unnatural Growth). Ability is ()
SVar 'Double' not defined in Card (Unnatural Growth)
SVar 'Double' not found in ability, fallback to Card (Unnatural Growth). Ability is ()
SVar 'Double' not defined in Card (Unnatural Growth)
SVar 'Double' not found in ability, fallback to Card (Unnatural Growth). Ability is ()
SVar 'Double' not defined in Card (Unnatural Growth)
SVar 'Double' not found in ability, fallback to Card (Unnatural Growth). Ability is ()
SVar 'Double' not defined in Card (Unnatural Growth)
SVar 'Double' not found in ability, fallback to Card (Unnatural Growth). Ability is ()
SVar 'Double' not defined in Card (Unnatural Growth)
SVar 'Double' not found in ability, fallback to Card (Unnatural Growth). Ability is ()
SVar 'Double' not defined in Card (Unnatural Growth)
SVar 'Double' not found in ability, fallback to Card (Zopandrel, Hunger Dominus). Ability is ()
SVar 'Double' not defined in Card (Zopandrel, Hunger Dominus)
SVar 'Double' not found in ability, fallback to Card (Zopandrel, Hunger Dominus). Ability is ()
SVar 'Double' not defined in Card (Zopandrel, Hunger Dominus)
SVar 'Double' not found in ability, fallback to Card (Zopandrel, Hunger Dominus). Ability is ()
SVar 'Double' not defined in Card (Zopandrel, Hunger Dominus)
SVar 'Double' not found in ability, fallback to Card (Unnatural Growth). Ability is ()
SVar 'Double' not defined in Card (Unnatural Growth)
SVar 'Double' not found in ability, fallback to Card (Unnatural Growth). Ability is ()
SVar 'Double' not defined in Card (Unnatural Growth)
Warning: default (ie. inherited from base class) implementation of chooseSingleCard is used by Ripples of Potential for forge.ai.ability.PhasesAi. Consider declaring an overloaded method
Warning: default (ie. inherited from base class) implementation of chooseSingleCard is used by Ripples of Potential for forge.ai.ability.PhasesAi. Consider declaring an overloaded method
SVar 'Double' not found in ability, fallback to Card (Unnatural Growth). Ability is ()
SVar 'Double' not defined in Card (Unnatural Growth)
SVar 'Double' not found in ability, fallback to Card (Unnatural Growth). Ability is ()
SVar 'Double' not defined in Card (Unnatural Growth)
SVar 'Double' not found in ability, fallback to Card (Zopandrel, Hunger Dominus). Ability is ()
SVar 'Double' not defined in Card (Zopandrel, Hunger Dominus)
SVar 'Double' not found in ability, fallback to Card (Zopandrel, Hunger Dominus). Ability is ()
SVar 'Double' not defined in Card (Zopandrel, Hunger Dominus)
SVar 'Double' not found in ability, fallback to Card (Zopandrel, Hunger Dominus). Ability is ()
SVar 'Double' not defined in Card (Zopandrel, Hunger Dominus)
SVar 'Double' not found in ability, fallback to Card (Unnatural Growth). Ability is ()
SVar 'Double' not defined in Card (Unnatural Growth)
SVar 'Double' not found in ability, fallback to Card (Unnatural Growth). Ability is ()
SVar 'Double' not defined in Card (Unnatural Growth)
SVar 'Double' not found in ability, fallback to Card (Unnatural Growth). Ability is ()
SVar 'Double' not defined in Card (Unnatural Growth)
SVar 'Double' not found in ability, fallback to Card (Zopandrel, Hunger Dominus). Ability is ()
SVar 'Double' not defined in Card (Zopandrel, Hunger Dominus)
SVar 'Double' not found in ability, fallback to Card (Zopandrel, Hunger Dominus). Ability is ()
SVar 'Double' not defined in Card (Zopandrel, Hunger Dominus)
SVar 'Double' not found in ability, fallback to Card (Zopandrel, Hunger Dominus). Ability is ()
SVar 'Double' not defined in Card (Zopandrel, Hunger Dominus)
SVar 'Double' not found in ability, fallback to Card (Unnatural Growth). Ability is ()
SVar 'Double' not defined in Card (Unnatural Growth)
SVar 'Double' not found in ability, fallback to Card (Unnatural Growth). Ability is ()
SVar 'Double' not defined in Card (Unnatural Growth)
SVar 'Double' not found in ability, fallback to Card (Unnatural Growth). Ability is ()
SVar 'Double' not defined in Card (Unnatural Growth)
SVar 'Double' not found in ability, fallback to Card (Zopandrel, Hunger Dominus). Ability is ()
SVar 'Double' not defined in Card (Zopandrel, Hunger Dominus)
SVar 'Double' not found in ability, fallback to Card (Zopandrel, Hunger Dominus). Ability is ()
SVar 'Double' not defined in Card (Zopandrel, Hunger Dominus)
SVar 'Double' not found in ability, fallback to Card (Zopandrel, Hunger Dominus). Ability is ()
SVar 'Double' not defined in Card (Zopandrel, Hunger Dominus)
SVar 'Double' not found in ability, fallback to Card (Unnatural Growth). Ability is ()
SVar 'Double' not defined in Card (Unnatural Growth)
SVar 'Double' not found in ability, fallback to Card (Unnatural Growth). Ability is ()
SVar 'Double' not defined in Card (Unnatural Growth)
SVar 'Double' not found in ability, fallback to Card (Unnatural Growth). Ability is ()
SVar 'Double' not defined in Card (Unnatural Growth)
SVar 'Double' not found in ability, fallback to Card (Zopandrel, Hunger Dominus). Ability is ()
SVar 'Double' not defined in Card (Zopandrel, Hunger Dominus)
SVar 'Double' not found in ability, fallback to Card (Zopandrel, Hunger Dominus). Ability is ()
SVar 'Double' not defined in Card (Zopandrel, Hunger Dominus)
SVar 'Double' not found in ability, fallback to Card (Zopandrel, Hunger Dominus). Ability is ()
SVar 'Double' not defined in Card (Zopandrel, Hunger Dominus)
SVar 'Double' not found in ability, fallback to Card (Unnatural Growth). Ability is ()
SVar 'Double' not defined in Card (Unnatural Growth)
SVar 'Double' not found in ability, fallback to Card (Unnatural Growth). Ability is ()
SVar 'Double' not defined in Card (Unnatural Growth)
SVar 'Double' not found in ability, fallback to Card (Unnatural Growth). Ability is ()
SVar 'Double' not defined in Card (Unnatural Growth)
SVar 'Double' not found in ability, fallback to Card (Zopandrel, Hunger Dominus). Ability is ()
SVar 'Double' not defined in Card (Zopandrel, Hunger Dominus)
SVar 'Double' not found in ability, fallback to Card (Zopandrel, Hunger Dominus). Ability is ()
SVar 'Double' not defined in Card (Zopandrel, Hunger Dominus)
SVar 'Double' not found in ability, fallback to Card (Zopandrel, Hunger Dominus). Ability is ()
SVar 'Double' not defined in Card (Zopandrel, Hunger Dominus)
SVar 'Double' not found in ability, fallback to Card (Unnatural Growth). Ability is ()
SVar 'Double' not defined in Card (Unnatural Growth)
SVar 'Double' not found in ability, fallback to Card (Unnatural Growth). Ability is ()
SVar 'Double' not defined in Card (Unnatural Growth)
SVar 'Double' not found in ability, fallback to Card (Unnatural Growth). Ability is ()
SVar 'Double' not defined in Card (Unnatural Growth)
SVar 'Double' not found in ability, fallback to Card (Zopandrel, Hunger Dominus). Ability is ()
SVar 'Double' not defined in Card (Zopandrel, Hunger Dominus)
SVar 'Double' not found in ability, fallback to Card (Zopandrel, Hunger Dominus). Ability is ()
SVar 'Double' not defined in Card (Zopandrel, Hunger Dominus)
SVar 'Double' not found in ability, fallback to Card (Zopandrel, Hunger Dominus). Ability is ()
SVar 'Double' not defined in Card (Zopandrel, Hunger Dominus)
SVar 'Double' not found in ability, fallback to Card (Unnatural Growth). Ability is ()
SVar 'Double' not defined in Card (Unnatural Growth)
Warning: default (ie. inherited from base class) implementation of confirmAction is used by Raggadragga, Goreguts Boss for forge.ai.ability.PermanentCreatureAi. Consider declaring an overloaded method
SVar 'Double' not found in ability, fallback to Card (Unnatural Growth). Ability is ()
SVar 'Double' not defined in Card (Unnatural Growth)
SVar 'Double' not found in ability, fallback to Card (Unnatural Growth). Ability is ()
SVar 'Double' not defined in Card (Unnatural Growth)
SVar 'Double' not found in ability, fallback to Card (Zopandrel, Hunger Dominus). Ability is ()
SVar 'Double' not defined in Card (Zopandrel, Hunger Dominus)
SVar 'Double' not found in ability, fallback to Card (Zopandrel, Hunger Dominus). Ability is ()
SVar 'Double' not defined in Card (Zopandrel, Hunger Dominus)
SVar 'Double' not found in ability, fallback to Card (Zopandrel, Hunger Dominus). Ability is ()
SVar 'Double' not defined in Card (Zopandrel, Hunger Dominus)
SVar 'Double' not found in ability, fallback to Card (Unnatural Growth). Ability is ()
SVar 'Double' not defined in Card (Unnatural Growth)
SVar 'Double' not found in ability, fallback to Card (Unnatural Growth). Ability is ()
SVar 'Double' not defined in Card (Unnatural Growth)
SVar 'Double' not found in ability, fallback to Card (Unnatural Growth). Ability is ()
SVar 'Double' not defined in Card (Unnatural Growth)
SVar 'Double' not found in ability, fallback to Card (Zopandrel, Hunger Dominus). Ability is ()
SVar 'Double' not defined in Card (Zopandrel, Hunger Dominus)
SVar 'Double' not found in ability, fallback to Card (Zopandrel, Hunger Dominus). Ability is ()
SVar 'Double' not defined in Card (Zopandrel, Hunger Dominus)
SVar 'Double' not found in ability, fallback to Card (Zopandrel, Hunger Dominus). Ability is ()
SVar 'Double' not defined in Card (Zopandrel, Hunger Dominus)
SVar 'Double' not found in ability, fallback to Card (Unnatural Growth). Ability is ()
SVar 'Double' not defined in Card (Unnatural Growth)
SVar 'Double' not found in ability, fallback to Card (Unnatural Growth). Ability is ()
SVar 'Double' not defined in Card (Unnatural Growth)
SVar 'Double' not found in ability, fallback to Card (Unnatural Growth). Ability is ()
SVar 'Double' not defined in Card (Unnatural Growth)
SVar 'Double' not found in ability, fallback to Card (Unnatural Growth). Ability is ()
SVar 'Double' not defined in Card (Unnatural Growth)
SVar 'Double' not found in ability, fallback to Card (Unnatural Growth). Ability is ()
SVar 'Double' not defined in Card (Unnatural Growth)
Warning: default (ie. inherited from base class) implementation of confirmAction is used by Raggadragga, Goreguts Boss for forge.ai.ability.PermanentCreatureAi. Consider declaring an overloaded method
SVar 'Double' not found in ability, fallback to Card (Unnatural Growth). Ability is ()
SVar 'Double' not defined in Card (Unnatural Growth)
SVar 'Double' not found in ability, fallback to Card (Unnatural Growth). Ability is ()
SVar 'Double' not defined in Card (Unnatural Growth)
SVar 'Double' not found in ability, fallback to Card (Unnatural Growth). Ability is ()
SVar 'Double' not defined in Card (Unnatural Growth)
Game Outcome: Turn 17
Game Outcome: Ai(1)-NanMan Felix Five-Boots has lost because life total reached 0
Game Outcome: Ai(2)-N3cro Raggadragga has won because all opponents have lost
Game Outcome: Ai(3)-Inspirit B3 has lost because life total reached 0
Game Outcome: Ai(4)-Dnide Wildsear has lost due to accumulation of 21 damage from generals
Match Result: Ai(1)-NanMan Felix Five-Boots: 1 Ai(2)-N3cro Raggadragga: 1 Ai(3)-Inspirit B3: 1 Ai(4)-Dnide Wildsear: 1 

Game Result: Game 4 ended in 46071 ms. Ai(2)-N3cro Raggadragga has won!

