Error handling registered!
14:45:57 [INFO ] GuiBase: ##########################################
14:45:57 [INFO ] GuiBase: APP: Forge v.2.0.13-SNAPSHOT-06.22
14:45:57 [INFO ] GuiBase: Java: 17.0.20 (Homebrew)
14:45:57 [INFO ] GuiBase: OS: Mac OS X 15.7.5 aarch64
14:45:57 [INFO ] GuiBase: RAM: 4096 MB max, 12 CPUs
14:45:57 [INFO ] GuiBase: ##########################################
Language 'en-US' loaded successfully.
(ThreadUtil first call): Running with priority 5
Read cards: 33319 archived files in 0 ms (25 parts) using thread pool
Upcoming set Star Trek (TRK) dated in the future. All `upcoming` cards will be added to this set with unknown rarity.
The card A-Alrund's Epiphany was not assigned to any set. Adding it to UNKNOWN set... to fix see res/editions/ folder. 
The card A-Baba Lysaga, Night Witch was not assigned to any set. Adding it to UNKNOWN set... to fix see res/editions/ folder. 
The card A-Divide by Zero was not assigned to any set. Adding it to UNKNOWN set... to fix see res/editions/ folder. 
The card A-Esika's Chariot was not assigned to any set. Adding it to UNKNOWN set... to fix see res/editions/ folder. 
The card A-Faceless Haven was not assigned to any set. Adding it to UNKNOWN set... to fix see res/editions/ folder. 
The card A-Fires of Invention was not assigned to any set. Adding it to UNKNOWN set... to fix see res/editions/ folder. 
The card A-Goldspan Dragon was not assigned to any set. Adding it to UNKNOWN set... to fix see res/editions/ folder. 
The card A-Hullbreaker Horror was not assigned to any set. Adding it to UNKNOWN set... to fix see res/editions/ folder. 
The card A-Kumano Faces Kakkazan was not assigned to any set. Adding it to UNKNOWN set... to fix see res/editions/ folder. 
The card A-Luminarch Aspirant was not assigned to any set. Adding it to UNKNOWN set... to fix see res/editions/ folder. 
The card A-Monster Manual was not assigned to any set. Adding it to UNKNOWN set... to fix see res/editions/ folder. 
The card A-Omnath, Locus of Creation was not assigned to any set. Adding it to UNKNOWN set... to fix see res/editions/ folder. 
The card A-The Meathook Massacre was not assigned to any set. Adding it to UNKNOWN set... to fix see res/editions/ folder. 
The card A-Unholy Heat was not assigned to any set. Adding it to UNKNOWN set... to fix see res/editions/ folder. 
The card Blinding Radiance was not assigned to any set. Adding it to UNKNOWN set... to fix see res/editions/ folder. 
The card Goblin Bruiser was not assigned to any set. Adding it to UNKNOWN set... to fix see res/editions/ folder. 
The card Ogre Painbringer was not assigned to any set. Adding it to UNKNOWN set... to fix see res/editions/ folder. 
The card Titanic Pelagosaur was not assigned to any set. Adding it to UNKNOWN set... to fix see res/editions/ folder. 
The card Treetop Recluse was not assigned to any set. Adding it to UNKNOWN set... to fix see res/editions/ folder. 
Upcoming set Star Trek (TRK) dated in the future. All `upcoming` cards will be added to this set with unknown rarity.
Read cards: 821 files in 0 ms (8 parts) using thread pool
Simulation mode
An unsupported card was requested: "Empty the Laboratories" from "null". 

Forge could not find this card in the Database. Any chance you might have mistyped the card name?
An unsupported card was requested: "Empty the Laboratories" from "[N.A.]". 

Forge could not find this card in the Database. Any chance you might have mistyped the card name?
Ai(1)-Torbran Burn B3 vs Ai(2)-Wilhelt Zombies B3 vs Ai(3)-Wyleth Voltron B3 vs Ai(4)-Inspirit B3 - four games of Commander
Warning: default (ie. inherited from base class) implementation of confirmAction is used by Wilhelt, the Rotcleaver for forge.ai.ability.PermanentCreatureAi. Consider declaring an overloaded method
Warning: default (ie. inherited from base class) implementation of confirmAction is used by Wyleth, Soul of Steel for forge.ai.ability.PermanentCreatureAi. Consider declaring an overloaded method
Warning: default (ie. inherited from base class) implementation of confirmAction is used by Torbran, Thane of Red Fell for forge.ai.ability.PermanentCreatureAi. Consider declaring an overloaded method
Game Outcome: Turn 14
Game Outcome: Ai(1)-Torbran Burn B3 has lost because life total reached 0
Game Outcome: Ai(2)-Wilhelt Zombies B3 has lost because life total reached 0
Game Outcome: Ai(3)-Wyleth Voltron B3 has lost because life total reached 0
Game Outcome: Ai(4)-Inspirit B3 has won because all opponents have lost
Match Result: Ai(1)-Torbran Burn B3: 0 Ai(2)-Wilhelt Zombies B3: 0 Ai(3)-Wyleth Voltron B3: 0 Ai(4)-Inspirit B3: 1 

Game Result: Game 1 ended in 6814 ms. Ai(4)-Inspirit B3 has won!

Warning: default (ie. inherited from base class) implementation of confirmAction is used by Torbran, Thane of Red Fell for forge.ai.ability.PermanentCreatureAi. Consider declaring an overloaded method
Warning: default (ie. inherited from base class) implementation of confirmAction is used by Wilhelt, the Rotcleaver for forge.ai.ability.PermanentCreatureAi. Consider declaring an overloaded method
Warning: default (ie. inherited from base class) implementation of confirmAction is used by Wyleth, Soul of Steel for forge.ai.ability.PermanentCreatureAi. Consider declaring an overloaded method
Warning: default (ie. inherited from base class) implementation of confirmAction is used by Torbran, Thane of Red Fell for forge.ai.ability.PermanentCreatureAi. Consider declaring an overloaded method
Warning: default (ie. inherited from base class) implementation of confirmAction is used by Wyleth, Soul of Steel for forge.ai.ability.PermanentCreatureAi. Consider declaring an overloaded method
Warning: default (ie. inherited from base class) implementation of confirmAction is used by Torbran, Thane of Red Fell for forge.ai.ability.PermanentCreatureAi. Consider declaring an overloaded method
Warning: default (ie. inherited from base class) implementation of confirmAction is used by Wilhelt, the Rotcleaver for forge.ai.ability.PermanentCreatureAi. Consider declaring an overloaded method
Warning: default (ie. inherited from base class) implementation of confirmAction is used by Wyleth, Soul of Steel for forge.ai.ability.PermanentCreatureAi. Consider declaring an overloaded method
Game Outcome: Turn 26
Game Outcome: Ai(1)-Torbran Burn B3 has lost because life total reached 0
Game Outcome: Ai(2)-Wilhelt Zombies B3 has lost because life total reached 0
Game Outcome: Ai(3)-Wyleth Voltron B3 has won because all opponents have lost
Game Outcome: Ai(4)-Inspirit B3 has lost because life total reached 0
Match Result: Ai(1)-Torbran Burn B3: 0 Ai(2)-Wilhelt Zombies B3: 0 Ai(3)-Wyleth Voltron B3: 1 Ai(4)-Inspirit B3: 1 

Game Result: Game 2 ended in 38483 ms. Ai(3)-Wyleth Voltron B3 has won!

Mountain Did not have activator set in SpellAbilityRestriction.canPlay()
Warning: default (ie. inherited from base class) implementation of confirmAction is used by Wyleth, Soul of Steel for forge.ai.ability.PermanentCreatureAi. Consider declaring an overloaded method
Mountain Did not have activator set in SpellAbilityRestriction.canPlay()
Mountain Did not have activator set in SpellAbilityRestriction.canPlay()
Mountain Did not have activator set in SpellAbilityRestriction.canPlay()
Warning: default (ie. inherited from base class) implementation of confirmAction is used by Wyleth, Soul of Steel for forge.ai.ability.PermanentCreatureAi. Consider declaring an overloaded method
Mountain Did not have activator set in SpellAbilityRestriction.canPlay()
Mountain Did not have activator set in SpellAbilityRestriction.canPlay()
Warning: default (ie. inherited from base class) implementation of confirmAction is used by Torbran, Thane of Red Fell for forge.ai.ability.PermanentCreatureAi. Consider declaring an overloaded method
Game Outcome: Turn 19
Game Outcome: Ai(1)-Torbran Burn B3 has lost because life total reached 0
Game Outcome: Ai(2)-Wilhelt Zombies B3 has won because all opponents have lost
Game Outcome: Ai(3)-Wyleth Voltron B3 has lost because life total reached 0
Game Outcome: Ai(4)-Inspirit B3 has lost because life total reached 0
Match Result: Ai(1)-Torbran Burn B3: 0 Ai(2)-Wilhelt Zombies B3: 1 Ai(3)-Wyleth Voltron B3: 1 Ai(4)-Inspirit B3: 1 

Game Result: Game 3 ended in 27048 ms. Ai(2)-Wilhelt Zombies B3 has won!

Warning: default (ie. inherited from base class) implementation of confirmAction is used by Wilhelt, the Rotcleaver for forge.ai.ability.PermanentCreatureAi. Consider declaring an overloaded method
Warning: default (ie. inherited from base class) implementation of confirmAction is used by Torbran, Thane of Red Fell for forge.ai.ability.PermanentCreatureAi. Consider declaring an overloaded method
Warning: default (ie. inherited from base class) implementation of confirmAction is used by Wilhelt, the Rotcleaver for forge.ai.ability.PermanentCreatureAi. Consider declaring an overloaded method
Warning: default (ie. inherited from base class) implementation of confirmAction is used by Wilhelt, the Rotcleaver for forge.ai.ability.PermanentCreatureAi. Consider declaring an overloaded method
Warning: default (ie. inherited from base class) implementation of confirmAction is used by Wilhelt, the Rotcleaver for forge.ai.ability.PermanentCreatureAi. Consider declaring an overloaded method
Warning: default (ie. inherited from base class) implementation of confirmAction is used by Wilhelt, the Rotcleaver for forge.ai.ability.PermanentCreatureAi. Consider declaring an overloaded method
Warning: default (ie. inherited from base class) implementation of confirmAction is used by Torbran, Thane of Red Fell for forge.ai.ability.PermanentCreatureAi. Consider declaring an overloaded method
Warning: default (ie. inherited from base class) implementation of confirmAction is used by Wyleth, Soul of Steel for forge.ai.ability.PermanentCreatureAi. Consider declaring an overloaded method
Warning: default (ie. inherited from base class) implementation of confirmAction is used by Wyleth, Soul of Steel for forge.ai.ability.PermanentCreatureAi. Consider declaring an overloaded method
Game Outcome: Turn 26
Game Outcome: Ai(1)-Torbran Burn B3 has lost due to accumulation of 21 damage from generals
Game Outcome: Ai(2)-Wilhelt Zombies B3 has lost because life total reached 0
Game Outcome: Ai(3)-Wyleth Voltron B3 has won because all opponents have lost
Game Outcome: Ai(4)-Inspirit B3 has lost because life total reached 0
Match Result: Ai(1)-Torbran Burn B3: 0 Ai(2)-Wilhelt Zombies B3: 1 Ai(3)-Wyleth Voltron B3: 2 Ai(4)-Inspirit B3: 1 

Game Result: Game 4 ended in 34228 ms. Ai(3)-Wyleth Voltron B3 has won!

